../Core/Src/main.c:95:5:main	8	static
../Core/Src/main.c:152:6:SystemClock_Config	88	static
../Core/Src/main.c:199:13:MX_ADC1_Init	80	static
../Core/Src/main.c:290:13:MX_ADC2_Init	72	static
../Core/Src/main.c:363:13:MX_CORDIC_Init	8	static
../Core/Src/main.c:389:13:MX_FDCAN1_Init	8	static
../Core/Src/main.c:432:13:MX_OPAMP1_Init	8	static
../Core/Src/main.c:466:13:MX_OPAMP2_Init	8	static
../Core/Src/main.c:500:13:MX_OPAMP3_Init	8	static
../Core/Src/main.c:534:13:MX_SPI1_Init	8	static
../Core/Src/main.c:574:13:MX_TIM1_Init	120	static
../Core/Src/main.c:669:13:MX_TIM2_Init	40	static
../Core/Src/main.c:714:13:MX_TIM4_Init	40	static
../Core/Src/main.c:759:13:MX_TIM6_Init	24	static
../Core/Src/main.c:797:13:MX_USART3_UART_Init	8	static
../Core/Src/main.c:845:13:MX_GPIO_Init	48	static
../Core/Src/main.c:921:6:Error_Handler	4	static,ignoring_inline_asm
