../Core/Src/main.c:99:5:main	8	static
../Core/Src/main.c:158:6:SystemClock_Config	88	static
../Core/Src/main.c:205:13:MX_ADC1_Init	80	static
../Core/Src/main.c:296:13:MX_ADC2_Init	72	static
../Core/Src/main.c:369:13:MX_CORDIC_Init	8	static
../Core/Src/main.c:395:13:MX_FDCAN1_Init	8	static
../Core/Src/main.c:438:13:MX_OPAMP1_Init	8	static
../Core/Src/main.c:472:13:MX_OPAMP2_Init	8	static
../Core/Src/main.c:506:13:MX_OPAMP3_Init	8	static
../Core/Src/main.c:540:13:MX_SPI1_Init	8	static
../Core/Src/main.c:580:13:MX_TIM1_Init	120	static
../Core/Src/main.c:675:13:MX_TIM2_Init	40	static
../Core/Src/main.c:720:13:MX_TIM3_Init	48	static
../Core/Src/main.c:773:13:MX_TIM4_Init	40	static
../Core/Src/main.c:818:13:MX_TIM6_Init	24	static
../Core/Src/main.c:856:13:MX_TIM15_Init	104	static
../Core/Src/main.c:922:13:MX_USART3_UART_Init	8	static
../Core/Src/main.c:970:13:MX_GPIO_Init	48	static
../Core/Src/main.c:1036:6:Error_Handler	4	static,ignoring_inline_asm
