../Core/Src/main.c:92:5:main	8	static
../Core/Src/main.c:148:6:SystemClock_Config	88	static
../Core/Src/main.c:195:13:MX_ADC1_Init	80	static
../Core/Src/main.c:286:13:MX_ADC2_Init	72	static
../Core/Src/main.c:359:13:MX_FDCAN1_Init	8	static
../Core/Src/main.c:402:13:MX_OPAMP1_Init	8	static
../Core/Src/main.c:436:13:MX_OPAMP2_Init	8	static
../Core/Src/main.c:470:13:MX_OPAMP3_Init	8	static
../Core/Src/main.c:504:13:MX_SPI1_Init	8	static
../Core/Src/main.c:544:13:MX_TIM1_Init	120	static
../Core/Src/main.c:639:13:MX_TIM2_Init	40	static
../Core/Src/main.c:684:13:MX_TIM4_Init	40	static
../Core/Src/main.c:729:13:MX_TIM6_Init	24	static
../Core/Src/main.c:767:13:MX_USART3_UART_Init	8	static
../Core/Src/main.c:815:13:MX_GPIO_Init	48	static
../Core/Src/main.c:887:6:Error_Handler	4	static,ignoring_inline_asm
