../Core/Inc/foc_math.h:34:21:wrapTo2Pi	16	static
../Core/Src/motor_controller.c:30:6:MotorController_init	72	static
../Core/Src/motor_controller.c:106:11:MotorController_getError	16	static
../Core/Src/motor_controller.c:110:6:MotorController_getMode	16	static
../Core/Src/motor_controller.c:114:6:MotorController_setMode	16	static
../Core/Src/motor_controller.c:162:6:MotorController_setFluxAngle	48	static
../Core/Src/motor_controller.c:173:6:MotorController_loadConfig	24	static
../Core/Src/motor_controller.c:207:10:MotorController_storeConfig	152	static
../Core/Src/motor_controller.c:273:7:MotorController_getTorque	16	static
../Core/Src/motor_controller.c:277:7:MotorController_getVelocity	16	static
../Core/Src/motor_controller.c:281:7:MotorController_getPosition	16	static
../Core/Src/motor_controller.c:285:6:MotorController_updateCommutation	32	static
../Core/Src/motor_controller.c:339:6:MotorController_triggerPositionUpdate	16	static
../Core/Src/motor_controller.c:363:6:MotorController_updatePositionReading	24	static
../Core/Src/motor_controller.c:373:6:MotorController_updatePositionController	16	static
../Core/Src/motor_controller.c:382:6:MotorController_updateService	16	static
../Core/Src/motor_controller.c:396:6:MotorController_runCalibrationSequence	192	static
../Core/Src/motor_controller.c:495:6:MotorController_handleCANMessage	40	static
