../Core/Src/motor_controller.c:99:6:MotorController_reset	0	static
../Core/Src/motor_controller.c:119:6:MotorController_setMode	16	static
../Core/Src/motor_controller.c:200:6:MotorController_setFluxAngle	24	static
../Core/Src/motor_controller.c:212:19:MotorController_loadConfig	8	static
../Core/Src/motor_controller.c:30:6:MotorController_init	32	static
../Core/Src/motor_controller.c:272:19:MotorController_storeConfig	144	static
../Core/Src/motor_controller.c:338:6:MotorController_updateSafety	8	static
../Core/Src/motor_controller.c:351:6:MotorController_update	32	static
../Core/Src/motor_controller.c:451:6:MotorController_runCalibrationSequence	16592	static
../Core/Src/motor_controller.c:444:6:MotorController_updateService	0	static
../Core/Src/motor_controller.c:708:6:MotorController_handleCANRead	0	static
../Core/Src/motor_controller.c:897:6:MotorController_handleCANWrite	0	static
../Core/Src/motor_controller.c:619:6:MotorController_handleCANMessage	32	static
