../Core/Inc/foc_math.h:22:21:wrapTo2Pi	16	static
../Core/Src/motor_controller.c:29:6:MotorController_init	48	static
../Core/Src/motor_controller.c:93:11:MotorController_getError	16	static
../Core/Src/motor_controller.c:97:6:MotorController_getMode	16	static
../Core/Src/motor_controller.c:101:6:MotorController_setMode	16	static
../Core/Src/motor_controller.c:142:6:MotorController_setFluxAngle	48	static
../Core/Src/motor_controller.c:153:6:MotorController_loadConfig	24	static
../Core/Src/motor_controller.c:187:10:MotorController_storeConfig	152	static
../Core/Src/motor_controller.c:254:7:MotorController_getTorque	16	static
../Core/Src/motor_controller.c:258:7:MotorController_getVelocity	16	static
../Core/Src/motor_controller.c:262:7:MotorController_getPosition	16	static
../Core/Src/motor_controller.c:266:6:MotorController_updateCommutation	32	static
../Core/Src/motor_controller.c:298:6:MotorController_triggerPositionUpdate	16	static
../Core/Src/motor_controller.c:321:6:MotorController_updatePositionReading	24	static
../Core/Src/motor_controller.c:331:6:MotorController_updatePositionController	16	static
../Core/Src/motor_controller.c:340:6:MotorController_updateService	16	static
../Core/Src/motor_controller.c:354:6:MotorController_runCalibrationSequence	200	static
../Core/Src/motor_controller.c:458:6:MotorController_handleCANMessage	40	static
