../Core/Src/powerstage.c:10:6:PowerStage_init	0	static
../Core/Src/powerstage.c:22:6:PowerStage_reset	0	static
../Core/Src/powerstage.c:28:6:PowerStage_start	16	static
../Core/Src/powerstage.c:39:6:PowerStage_disableGateDriver	0	static
../Core/Src/powerstage.c:43:6:PowerStage_enableGateDriver	0	static
../Core/Src/powerstage.c:47:9:PowerStage_isPWMEnabled	0	static
../Core/Src/powerstage.c:51:6:PowerStage_disablePWM	0	static
../Core/Src/powerstage.c:55:6:PowerStage_enablePWM	0	static
../Core/Src/powerstage.c:59:11:PowerStage_updateErrorStatus	32	static
../Core/Src/powerstage.c:81:6:PowerStage_setBridgeOutput	0	static
../Core/Src/powerstage.c:99:6:PowerStage_calibratePhaseCurrentOffset	24	static
../Core/Src/powerstage.c:114:6:PowerStage_updatePhaseCurrent	24	static
../Core/Src/powerstage.c:126:6:PowerStage_updateBusVoltage	8	static
