../Core/Src/stm32g4xx_hal_msp.c:65:6:HAL_MspInit	8	static
../Core/Src/stm32g4xx_hal_msp.c:89:6:HAL_ADC_MspInit	120	static
../Core/Src/stm32g4xx_hal_msp.c:168:6:HAL_ADC_MspDeInit	8	static
../Core/Src/stm32g4xx_hal_msp.c:217:6:HAL_CORDIC_MspInit	8	static
../Core/Src/stm32g4xx_hal_msp.c:239:6:HAL_CORDIC_MspDeInit	0	static
../Core/Src/stm32g4xx_hal_msp.c:261:6:HAL_FDCAN_MspInit	112	static
../Core/Src/stm32g4xx_hal_msp.c:313:6:HAL_FDCAN_MspDeInit	8	static
../Core/Src/stm32g4xx_hal_msp.c:345:6:HAL_OPAMP_MspInit	48	static
../Core/Src/stm32g4xx_hal_msp.c:417:6:HAL_OPAMP_MspDeInit	0	static
../Core/Src/stm32g4xx_hal_msp.c:476:6:HAL_SPI_MspInit	48	static
../Core/Src/stm32g4xx_hal_msp.c:520:6:HAL_SPI_MspDeInit	0	static
../Core/Src/stm32g4xx_hal_msp.c:550:6:HAL_TIM_Base_MspInit	24	static
../Core/Src/stm32g4xx_hal_msp.c:600:6:HAL_TIM_PWM_MspInit	8	static
../Core/Src/stm32g4xx_hal_msp.c:616:6:HAL_TIM_MspPostInit	48	static
../Core/Src/stm32g4xx_hal_msp.c:689:6:HAL_TIM_Base_MspDeInit	0	static
../Core/Src/stm32g4xx_hal_msp.c:739:6:HAL_TIM_PWM_MspDeInit	0	static
../Core/Src/stm32g4xx_hal_msp.c:761:6:HAL_UART_MspInit	112	static
../Core/Src/stm32g4xx_hal_msp.c:808:6:HAL_UART_MspDeInit	0	static
