../Core/Src/stm32g4xx_hal_msp.c:65:6:HAL_MspInit	8	static
../Core/Src/stm32g4xx_hal_msp.c:90:6:HAL_ADC_MspInit	120	static
../Core/Src/stm32g4xx_hal_msp.c:169:6:HAL_ADC_MspDeInit	8	static
../Core/Src/stm32g4xx_hal_msp.c:218:6:HAL_FDCAN_MspInit	120	static
../Core/Src/stm32g4xx_hal_msp.c:279:6:HAL_FDCAN_MspDeInit	8	static
../Core/Src/stm32g4xx_hal_msp.c:313:6:HAL_I2C_MspInit	112	static
../Core/Src/stm32g4xx_hal_msp.c:363:6:HAL_I2C_MspDeInit	8	static
../Core/Src/stm32g4xx_hal_msp.c:396:6:HAL_OPAMP_MspInit	40	static
../Core/Src/stm32g4xx_hal_msp.c:468:6:HAL_OPAMP_MspDeInit	0	static
../Core/Src/stm32g4xx_hal_msp.c:527:6:HAL_TIM_Base_MspInit	32	static
../Core/Src/stm32g4xx_hal_msp.c:596:6:HAL_TIM_MspPostInit	56	static
../Core/Src/stm32g4xx_hal_msp.c:669:6:HAL_TIM_Base_MspDeInit	0	static
../Core/Src/stm32g4xx_hal_msp.c:744:6:HAL_UART_MspInit	104	static
../Core/Src/stm32g4xx_hal_msp.c:792:6:HAL_UART_MspDeInit	0	static
