../Core/Src/stm32g4xx_hal_msp.c:66:6:HAL_MspInit	8	static
../Core/Src/stm32g4xx_hal_msp.c:90:6:HAL_ADC_MspInit	128	static
../Core/Src/stm32g4xx_hal_msp.c:187:6:HAL_ADC_MspDeInit	8	static
../Core/Src/stm32g4xx_hal_msp.c:246:6:HAL_FDCAN_MspInit	112	static
../Core/Src/stm32g4xx_hal_msp.c:298:6:HAL_FDCAN_MspDeInit	8	static
../Core/Src/stm32g4xx_hal_msp.c:330:6:HAL_SPI_MspInit	48	static
../Core/Src/stm32g4xx_hal_msp.c:392:6:HAL_SPI_MspDeInit	0	static
../Core/Src/stm32g4xx_hal_msp.c:441:6:HAL_TIM_Base_MspInit	24	static
../Core/Src/stm32g4xx_hal_msp.c:491:6:HAL_TIM_PWM_MspInit	8	static
../Core/Src/stm32g4xx_hal_msp.c:507:6:HAL_TIM_MspPostInit	56	static
../Core/Src/stm32g4xx_hal_msp.c:589:6:HAL_TIM_Base_MspDeInit	0	static
../Core/Src/stm32g4xx_hal_msp.c:639:6:HAL_TIM_PWM_MspDeInit	0	static
../Core/Src/stm32g4xx_hal_msp.c:661:6:HAL_UART_MspInit	112	static
../Core/Src/stm32g4xx_hal_msp.c:708:6:HAL_UART_MspDeInit	0	static
