../Core/Src/main.c:92:5:main	8	static
../Core/Src/main.c:148:6:SystemClock_Config	88	static
../Core/Src/main.c:195:13:MX_ADC1_Init	80	static
../Core/Src/main.c:286:13:MX_ADC2_Init	72	static
../Core/Src/main.c:359:13:MX_FDCAN1_Init	8	static
../Core/Src/main.c:402:13:MX_I2C1_Init	8	static
../Core/Src/main.c:450:13:MX_OPAMP1_Init	8	static
../Core/Src/main.c:484:13:MX_OPAMP2_Init	8	static
../Core/Src/main.c:518:13:MX_OPAMP3_Init	8	static
../Core/Src/main.c:552:13:MX_TIM1_Init	120	static
../Core/Src/main.c:648:13:MX_TIM2_Init	40	static
../Core/Src/main.c:693:13:MX_TIM4_Init	40	static
../Core/Src/main.c:738:13:MX_TIM6_Init	24	static
../Core/Src/main.c:776:13:MX_USART2_UART_Init	8	static
../Core/Src/main.c:824:13:MX_GPIO_Init	48	static
../Core/Src/main.c:870:6:Error_Handler	4	static,ignoring_inline_asm
