../Core/Src/motor_controller.c:89:6:MotorController_reset	0	static
../Core/Src/motor_controller.c:109:6:MotorController_setMode	16	static
../Core/Src/motor_controller.c:187:6:MotorController_setFluxAngle	24	static
../Core/Src/motor_controller.c:198:19:MotorController_loadConfig	8	static
../Core/Src/motor_controller.c:29:6:MotorController_init	24	static
../Core/Src/motor_controller.c:238:19:MotorController_storeConfig	144	static
../Core/Src/motor_controller.c:304:6:MotorController_update	32	static
../Core/Src/motor_controller.c:390:6:MotorController_runCalibrationSequence	16592	static
../Core/Src/motor_controller.c:383:6:MotorController_updateService	0	static
../Core/Src/motor_controller.c:661:6:MotorController_handleCANRead	0	static
../Core/Src/motor_controller.c:850:6:MotorController_handleCANWrite	0	static
../Core/Src/motor_controller.c:572:6:MotorController_handleCANMessage	32	static
