../Core/Inc/foc_math.h:22:21:wrapTo2Pi	16	static
../Core/Src/motor_controller.c:28:6:MotorController_init	48	static
../Core/Src/motor_controller.c:90:11:MotorController_getError	16	static
../Core/Src/motor_controller.c:94:6:MotorController_getMode	16	static
../Core/Src/motor_controller.c:98:6:MotorController_setMode	16	static
../Core/Src/motor_controller.c:139:6:MotorController_setFluxAngle	48	static
../Core/Src/motor_controller.c:150:6:MotorController_loadConfig	24	static
../Core/Src/motor_controller.c:183:10:MotorController_storeConfig	160	static
../Core/Src/motor_controller.c:249:7:MotorController_getTorque	16	static
../Core/Src/motor_controller.c:253:7:MotorController_getVelocity	16	static
../Core/Src/motor_controller.c:257:7:MotorController_getPosition	16	static
../Core/Src/motor_controller.c:261:6:MotorController_updateCommutation	32	static
../Core/Src/motor_controller.c:285:6:MotorController_triggerPositionUpdate	16	static
../Core/Src/motor_controller.c:308:6:MotorController_updatePositionReading	24	static
../Core/Src/motor_controller.c:318:6:MotorController_updatePositionController	16	static
../Core/Src/motor_controller.c:327:6:MotorController_updateService	16	static
../Core/Src/motor_controller.c:334:6:MotorController_runCalibrationSequence	200	static
../Core/Src/motor_controller.c:436:6:MotorController_handleCANMessage	48	static
