../Core/Src/motor_controller.c:92:6:MotorController_reset	0	static
../Core/Src/motor_controller.c:99:6:MotorController_setMode	16	static
../Core/Src/motor_controller.c:176:6:MotorController_setFluxAngle	24	static
../Core/Src/motor_controller.c:187:19:MotorController_loadConfig	8	static
../Core/Src/motor_controller.c:25:6:MotorController_init	32	static
../Core/Src/motor_controller.c:249:19:MotorController_storeConfig	144	static
../Core/Src/motor_controller.c:314:6:MotorController_update	32	static
../Core/Src/motor_controller.c:416:6:MotorController_runCalibrationSequence	16592	static
../Core/Src/motor_controller.c:409:6:MotorController_updateService	0	static
../Core/Src/motor_controller.c:676:6:MotorController_handleCANRead	0	static
../Core/Src/motor_controller.c:868:6:MotorController_handleCANWrite	0	static
../Core/Src/motor_controller.c:587:6:MotorController_handleCANMessage	32	static
