../Core/Src/motor_controller.c:91:6:MotorController_reset	0	static
../Core/Src/motor_controller.c:111:6:MotorController_setMode	16	static
../Core/Src/motor_controller.c:188:6:MotorController_setFluxAngle	24	static
../Core/Src/motor_controller.c:199:19:MotorController_loadConfig	8	static
../Core/Src/motor_controller.c:25:6:MotorController_init	32	static
../Core/Src/motor_controller.c:261:19:MotorController_storeConfig	144	static
../Core/Src/motor_controller.c:326:6:MotorController_update	32	static
../Core/Src/motor_controller.c:426:6:MotorController_runCalibrationSequence	16592	static
../Core/Src/motor_controller.c:419:6:MotorController_updateService	0	static
../Core/Src/motor_controller.c:686:6:MotorController_handleCANRead	0	static
../Core/Src/motor_controller.c:878:6:MotorController_handleCANWrite	0	static
../Core/Src/motor_controller.c:597:6:MotorController_handleCANMessage	32	static
