../Core/Src/motor_controller.c:104:6:MotorController_reset	0	static
../Core/Src/motor_controller.c:124:6:MotorController_setMode	16	static
../Core/Src/motor_controller.c:201:6:MotorController_setFluxAngle	24	static
../Core/Src/motor_controller.c:212:19:MotorController_loadConfig	8	static
../Core/Src/motor_controller.c:272:19:MotorController_storeConfig	144	static
../Core/Src/motor_controller.c:29:6:MotorController_init	32	static
../Core/Src/motor_controller.c:338:6:MotorController_update	32	static
../Core/Src/motor_controller.c:438:6:MotorController_runCalibrationSequence	16592	static
../Core/Src/motor_controller.c:431:6:MotorController_updateService	0	static
../Core/Src/motor_controller.c:712:6:MotorController_handleCANRead	0	static
../Core/Src/motor_controller.c:901:6:MotorController_handleCANWrite	0	static
../Core/Src/motor_controller.c:623:6:MotorController_handleCANMessage	32	static
