../Core/Src/stm32g4xx_hal_msp.c:65:6:HAL_MspInit	8	static
../Core/Src/stm32g4xx_hal_msp.c:89:6:HAL_ADC_MspInit	120	static
../Core/Src/stm32g4xx_hal_msp.c:168:6:HAL_ADC_MspDeInit	8	static
../Core/Src/stm32g4xx_hal_msp.c:217:6:HAL_FDCAN_MspInit	120	static
../Core/Src/stm32g4xx_hal_msp.c:277:6:HAL_FDCAN_MspDeInit	8	static
../Core/Src/stm32g4xx_hal_msp.c:311:6:HAL_I2C_MspInit	112	static
../Core/Src/stm32g4xx_hal_msp.c:360:6:HAL_I2C_MspDeInit	8	static
../Core/Src/stm32g4xx_hal_msp.c:393:6:HAL_OPAMP_MspInit	48	static
../Core/Src/stm32g4xx_hal_msp.c:465:6:HAL_OPAMP_MspDeInit	0	static
../Core/Src/stm32g4xx_hal_msp.c:524:6:HAL_TIM_Base_MspInit	24	static
../Core/Src/stm32g4xx_hal_msp.c:579:6:HAL_TIM_MspPostInit	56	static
../Core/Src/stm32g4xx_hal_msp.c:652:6:HAL_TIM_Base_MspDeInit	0	static
../Core/Src/stm32g4xx_hal_msp.c:713:6:HAL_UART_MspInit	112	static
../Core/Src/stm32g4xx_hal_msp.c:760:6:HAL_UART_MspDeInit	0	static
