../Drivers/STM32G4xx_HAL_Driver/Inc/stm32g4xx_ll_adc.h:6319:22:LL_ADC_SetChannelSamplingTime	12	static
../Drivers/STM32G4xx_HAL_Driver/Inc/stm32g4xx_ll_adc.h:7744:26:LL_ADC_IsEnabled	0	static
../Drivers/STM32G4xx_HAL_Driver/Inc/stm32g4xx_ll_adc.h:7866:26:LL_ADC_REG_IsConversionOngoing	0	static
../Drivers/STM32G4xx_HAL_Driver/Inc/stm32g4xx_ll_adc.h:8092:26:LL_ADC_INJ_IsConversionOngoing	0	static
../Drivers/STM32G4xx_HAL_Driver/Src/stm32g4xx_hal_adc_ex.c:126:19:HAL_ADCEx_Calibration_Start	24	static
../Drivers/STM32G4xx_HAL_Driver/Src/stm32g4xx_hal_adc_ex.c:200:10:HAL_ADCEx_Calibration_GetValue	0	static
../Drivers/STM32G4xx_HAL_Driver/Src/stm32g4xx_hal_adc_ex.c:220:19:HAL_ADCEx_Calibration_SetValue	24	static
../Drivers/STM32G4xx_HAL_Driver/Src/stm32g4xx_hal_adc_ex.c:277:19:HAL_ADCEx_InjectedStart	16	static
../Drivers/STM32G4xx_HAL_Driver/Src/stm32g4xx_hal_adc_ex.c:426:19:HAL_ADCEx_InjectedStop	16	static
../Drivers/STM32G4xx_HAL_Driver/Src/stm32g4xx_hal_adc_ex.c:481:19:HAL_ADCEx_InjectedPollForConversion	24	static
../Drivers/STM32G4xx_HAL_Driver/Src/stm32g4xx_hal_adc_ex.c:622:19:HAL_ADCEx_InjectedStart_IT	16	static
../Drivers/STM32G4xx_HAL_Driver/Src/stm32g4xx_hal_adc_ex.c:795:19:HAL_ADCEx_InjectedStop_IT	16	static
../Drivers/STM32G4xx_HAL_Driver/Src/stm32g4xx_hal_adc_ex.c:862:19:HAL_ADCEx_MultiModeStart_DMA	136	static
../Drivers/STM32G4xx_HAL_Driver/Src/stm32g4xx_hal_adc_ex.c:981:19:HAL_ADCEx_MultiModeStop_DMA	128	static
../Drivers/STM32G4xx_HAL_Driver/Src/stm32g4xx_hal_adc_ex.c:1104:10:HAL_ADCEx_MultiModeGetValue	0	static
../Drivers/STM32G4xx_HAL_Driver/Src/stm32g4xx_hal_adc_ex.c:1151:10:HAL_ADCEx_InjectedGetValue	0	static
../Drivers/STM32G4xx_HAL_Driver/Src/stm32g4xx_hal_adc_ex.c:1186:13:HAL_ADCEx_InjectedConvCpltCallback	0	static
../Drivers/STM32G4xx_HAL_Driver/Src/stm32g4xx_hal_adc_ex.c:1205:13:HAL_ADCEx_InjectedQueueOverflowCallback	0	static
../Drivers/STM32G4xx_HAL_Driver/Src/stm32g4xx_hal_adc_ex.c:1220:13:HAL_ADCEx_LevelOutOfWindow2Callback	0	static
../Drivers/STM32G4xx_HAL_Driver/Src/stm32g4xx_hal_adc_ex.c:1235:13:HAL_ADCEx_LevelOutOfWindow3Callback	0	static
../Drivers/STM32G4xx_HAL_Driver/Src/stm32g4xx_hal_adc_ex.c:1251:13:HAL_ADCEx_EndOfSamplingCallback	0	static
../Drivers/STM32G4xx_HAL_Driver/Src/stm32g4xx_hal_adc_ex.c:1268:19:HAL_ADCEx_RegularStop	16	static
../Drivers/STM32G4xx_HAL_Driver/Src/stm32g4xx_hal_adc_ex.c:1326:19:HAL_ADCEx_RegularStop_IT	16	static
../Drivers/STM32G4xx_HAL_Driver/Src/stm32g4xx_hal_adc_ex.c:1386:19:HAL_ADCEx_RegularStop_DMA	16	static
../Drivers/STM32G4xx_HAL_Driver/Src/stm32g4xx_hal_adc_ex.c:1474:19:HAL_ADCEx_RegularMultiModeStop_DMA	128	static
../Drivers/STM32G4xx_HAL_Driver/Src/stm32g4xx_hal_adc_ex.c:1659:19:HAL_ADCEx_InjectedConfigChannel	32	static,ignoring_inline_asm
../Drivers/STM32G4xx_HAL_Driver/Src/stm32g4xx_hal_adc_ex.c:2116:19:HAL_ADCEx_MultiModeConfigChannel	128	static
../Drivers/STM32G4xx_HAL_Driver/Src/stm32g4xx_hal_adc_ex.c:2233:19:HAL_ADCEx_EnableInjectedQueue	8	static
../Drivers/STM32G4xx_HAL_Driver/Src/stm32g4xx_hal_adc_ex.c:2274:19:HAL_ADCEx_DisableInjectedQueue	8	static
../Drivers/STM32G4xx_HAL_Driver/Src/stm32g4xx_hal_adc_ex.c:2311:19:HAL_ADCEx_DisableVoltageRegulator	8	static
../Drivers/STM32G4xx_HAL_Driver/Src/stm32g4xx_hal_adc_ex.c:2348:19:HAL_ADCEx_EnterADCDeepPowerDownMode	8	static
