../Drivers/STM32G4xx_HAL_Driver/Src/stm32g4xx_hal_i2c.c:6710:13:I2C_Flush_TXDR	0	static
../Drivers/STM32G4xx_HAL_Driver/Src/stm32g4xx_hal_i2c.c:7277:13:I2C_TransferConfig	12	static
../Drivers/STM32G4xx_HAL_Driver/Src/stm32g4xx_hal_i2c.c:7304:13:I2C_Enable_IRQ	16	static
../Drivers/STM32G4xx_HAL_Driver/Src/stm32g4xx_hal_i2c.c:7395:13:I2C_Disable_IRQ	0	static
../Drivers/STM32G4xx_HAL_Driver/Src/stm32g4xx_hal_i2c.c:7136:26:I2C_IsErrorOccurred	24	static
../Drivers/STM32G4xx_HAL_Driver/Src/stm32g4xx_hal_i2c.c:6980:26:I2C_WaitOnTXISFlagUntilTimeout	16	static
../Drivers/STM32G4xx_HAL_Driver/Src/stm32g4xx_hal_i2c.c:6940:26:I2C_WaitOnFlagUntilTimeout	24	static
../Drivers/STM32G4xx_HAL_Driver/Src/stm32g4xx_hal_i2c.c:7021:26:I2C_WaitOnSTOPFlagUntilTimeout	16	static
../Drivers/STM32G4xx_HAL_Driver/Src/stm32g4xx_hal_i2c.c:7059:26:I2C_WaitOnRXNEFlagUntilTimeout	32	static
../Drivers/STM32G4xx_HAL_Driver/Src/stm32g4xx_hal_i2c.c:7458:13:I2C_ConvertOtherXferOptions	0	static
../Drivers/STM32G4xx_HAL_Driver/Src/stm32g4xx_hal_i2c.c:696:13:HAL_I2C_MspInit	0	static
../Drivers/STM32G4xx_HAL_Driver/Src/stm32g4xx_hal_i2c.c:535:19:HAL_I2C_Init	8	static
../Drivers/STM32G4xx_HAL_Driver/Src/stm32g4xx_hal_i2c.c:712:13:HAL_I2C_MspDeInit	0	static
../Drivers/STM32G4xx_HAL_Driver/Src/stm32g4xx_hal_i2c.c:650:19:HAL_I2C_DeInit	8	static
../Drivers/STM32G4xx_HAL_Driver/Src/stm32g4xx_hal_i2c.c:1119:19:HAL_I2C_Master_Transmit	40	static
../Drivers/STM32G4xx_HAL_Driver/Src/stm32g4xx_hal_i2c.c:1260:19:HAL_I2C_Master_Receive	40	static
../Drivers/STM32G4xx_HAL_Driver/Src/stm32g4xx_hal_i2c.c:1378:19:HAL_I2C_Slave_Transmit	40	static
../Drivers/STM32G4xx_HAL_Driver/Src/stm32g4xx_hal_i2c.c:1565:19:HAL_I2C_Slave_Receive	40	static
../Drivers/STM32G4xx_HAL_Driver/Src/stm32g4xx_hal_i2c.c:1695:19:HAL_I2C_Master_Transmit_IT	24	static
../Drivers/STM32G4xx_HAL_Driver/Src/stm32g4xx_hal_i2c.c:1785:19:HAL_I2C_Master_Receive_IT	24	static
../Drivers/STM32G4xx_HAL_Driver/Src/stm32g4xx_hal_i2c.c:1854:19:HAL_I2C_Slave_Transmit_IT	8	static
../Drivers/STM32G4xx_HAL_Driver/Src/stm32g4xx_hal_i2c.c:1918:19:HAL_I2C_Slave_Receive_IT	16	static
../Drivers/STM32G4xx_HAL_Driver/Src/stm32g4xx_hal_i2c.c:1970:19:HAL_I2C_Master_Transmit_DMA	32	static
../Drivers/STM32G4xx_HAL_Driver/Src/stm32g4xx_hal_i2c.c:2133:19:HAL_I2C_Master_Receive_DMA	32	static
../Drivers/STM32G4xx_HAL_Driver/Src/stm32g4xx_hal_i2c.c:2278:19:HAL_I2C_Slave_Transmit_DMA	16	static
../Drivers/STM32G4xx_HAL_Driver/Src/stm32g4xx_hal_i2c.c:2414:19:HAL_I2C_Slave_Receive_DMA	16	static
../Drivers/STM32G4xx_HAL_Driver/Src/stm32g4xx_hal_i2c.c:2523:19:HAL_I2C_Mem_Write	48	static
../Drivers/STM32G4xx_HAL_Driver/Src/stm32g4xx_hal_i2c.c:2660:19:HAL_I2C_Mem_Read	48	static
../Drivers/STM32G4xx_HAL_Driver/Src/stm32g4xx_hal_i2c.c:2797:19:HAL_I2C_Mem_Write_IT	32	static
../Drivers/STM32G4xx_HAL_Driver/Src/stm32g4xx_hal_i2c.c:2885:19:HAL_I2C_Mem_Read_IT	32	static
../Drivers/STM32G4xx_HAL_Driver/Src/stm32g4xx_hal_i2c.c:2972:19:HAL_I2C_Mem_Write_DMA	32	static
../Drivers/STM32G4xx_HAL_Driver/Src/stm32g4xx_hal_i2c.c:3118:19:HAL_I2C_Mem_Read_DMA	32	static
../Drivers/STM32G4xx_HAL_Driver/Src/stm32g4xx_hal_i2c.c:3263:19:HAL_I2C_IsDeviceReady	48	static
../Drivers/STM32G4xx_HAL_Driver/Src/stm32g4xx_hal_i2c.c:3389:19:HAL_I2C_Master_Seq_Transmit_IT	32	static
../Drivers/STM32G4xx_HAL_Driver/Src/stm32g4xx_hal_i2c.c:3503:19:HAL_I2C_Master_Seq_Transmit_DMA	40	static
../Drivers/STM32G4xx_HAL_Driver/Src/stm32g4xx_hal_i2c.c:3700:19:HAL_I2C_Master_Seq_Receive_IT	24	static
../Drivers/STM32G4xx_HAL_Driver/Src/stm32g4xx_hal_i2c.c:3787:19:HAL_I2C_Master_Seq_Receive_DMA	40	static
../Drivers/STM32G4xx_HAL_Driver/Src/stm32g4xx_hal_i2c.c:3953:19:HAL_I2C_Slave_Seq_Transmit_IT	24	static
../Drivers/STM32G4xx_HAL_Driver/Src/stm32g4xx_hal_i2c.c:4053:19:HAL_I2C_Slave_Seq_Transmit_DMA	24	static
../Drivers/STM32G4xx_HAL_Driver/Src/stm32g4xx_hal_i2c.c:4237:19:HAL_I2C_Slave_Seq_Receive_IT	24	static
../Drivers/STM32G4xx_HAL_Driver/Src/stm32g4xx_hal_i2c.c:4337:19:HAL_I2C_Slave_Seq_Receive_DMA	24	static
../Drivers/STM32G4xx_HAL_Driver/Src/stm32g4xx_hal_i2c.c:4517:19:HAL_I2C_EnableListen_IT	8	static
../Drivers/STM32G4xx_HAL_Driver/Src/stm32g4xx_hal_i2c.c:4541:19:HAL_I2C_DisableListen_IT	8	static
../Drivers/STM32G4xx_HAL_Driver/Src/stm32g4xx_hal_i2c.c:4574:19:HAL_I2C_Master_Abort_IT	24	static
../Drivers/STM32G4xx_HAL_Driver/Src/stm32g4xx_hal_i2c.c:4638:6:HAL_I2C_EV_IRQHandler	0	static
../Drivers/STM32G4xx_HAL_Driver/Src/stm32g4xx_hal_i2c.c:4709:13:HAL_I2C_MasterTxCpltCallback	0	static
../Drivers/STM32G4xx_HAL_Driver/Src/stm32g4xx_hal_i2c.c:4725:13:HAL_I2C_MasterRxCpltCallback	0	static
../Drivers/STM32G4xx_HAL_Driver/Src/stm32g4xx_hal_i2c.c:6004:13:I2C_ITMasterSeqCplt	16	static
../Drivers/STM32G4xx_HAL_Driver/Src/stm32g4xx_hal_i2c.c:4740:13:HAL_I2C_SlaveTxCpltCallback	0	static
../Drivers/STM32G4xx_HAL_Driver/Src/stm32g4xx_hal_i2c.c:4756:13:HAL_I2C_SlaveRxCpltCallback	0	static
../Drivers/STM32G4xx_HAL_Driver/Src/stm32g4xx_hal_i2c.c:6057:13:I2C_ITSlaveSeqCplt	8	static
../Drivers/STM32G4xx_HAL_Driver/Src/stm32g4xx_hal_i2c.c:6782:13:I2C_DMASlaveTransmitCplt	0	static
../Drivers/STM32G4xx_HAL_Driver/Src/stm32g4xx_hal_i2c.c:6862:13:I2C_DMASlaveReceiveCplt	0	static
../Drivers/STM32G4xx_HAL_Driver/Src/stm32g4xx_hal_i2c.c:4774:13:HAL_I2C_AddrCallback	0	static
../Drivers/STM32G4xx_HAL_Driver/Src/stm32g4xx_hal_i2c.c:5909:13:I2C_ITAddrCplt.constprop	24	static
../Drivers/STM32G4xx_HAL_Driver/Src/stm32g4xx_hal_i2c.c:4792:13:HAL_I2C_ListenCpltCallback	0	static
../Drivers/STM32G4xx_HAL_Driver/Src/stm32g4xx_hal_i2c.c:6490:13:I2C_ITListenCplt	8	static
../Drivers/STM32G4xx_HAL_Driver/Src/stm32g4xx_hal_i2c.c:4808:13:HAL_I2C_MemTxCpltCallback	0	static
../Drivers/STM32G4xx_HAL_Driver/Src/stm32g4xx_hal_i2c.c:4824:13:HAL_I2C_MemRxCpltCallback	0	static
../Drivers/STM32G4xx_HAL_Driver/Src/stm32g4xx_hal_i2c.c:4840:13:HAL_I2C_ErrorCallback	0	static
../Drivers/STM32G4xx_HAL_Driver/Src/stm32g4xx_hal_i2c.c:4856:13:HAL_I2C_AbortCpltCallback	0	static
../Drivers/STM32G4xx_HAL_Driver/Src/stm32g4xx_hal_i2c.c:6672:13:I2C_TreatErrorCallback	8	static
../Drivers/STM32G4xx_HAL_Driver/Src/stm32g4xx_hal_i2c.c:6541:13:I2C_ITError	16	static
../Drivers/STM32G4xx_HAL_Driver/Src/stm32g4xx_hal_i2c.c:6131:13:I2C_ITMasterCplt	24	static
../Drivers/STM32G4xx_HAL_Driver/Src/stm32g4xx_hal_i2c.c:4939:26:I2C_Master_ISR_IT	24	static
../Drivers/STM32G4xx_HAL_Driver/Src/stm32g4xx_hal_i2c.c:5513:26:I2C_Mem_ISR_DMA	16	static
../Drivers/STM32G4xx_HAL_Driver/Src/stm32g4xx_hal_i2c.c:5373:26:I2C_Master_ISR_DMA	24	static
../Drivers/STM32G4xx_HAL_Driver/Src/stm32g4xx_hal_i2c.c:6891:13:I2C_DMAError	0	static
../Drivers/STM32G4xx_HAL_Driver/Src/stm32g4xx_hal_i2c.c:6731:13:I2C_DMAMasterTransmitCplt	8	static
../Drivers/STM32G4xx_HAL_Driver/Src/stm32g4xx_hal_i2c.c:6811:13:I2C_DMAMasterReceiveCplt	8	static
../Drivers/STM32G4xx_HAL_Driver/Src/stm32g4xx_hal_i2c.c:5090:26:I2C_Mem_ISR_IT	24	static
../Drivers/STM32G4xx_HAL_Driver/Src/stm32g4xx_hal_i2c.c:4657:6:HAL_I2C_ER_IRQHandler	4	static
../Drivers/STM32G4xx_HAL_Driver/Src/stm32g4xx_hal_i2c.c:6274:13:I2C_ITSlaveCplt.constprop	24	static
../Drivers/STM32G4xx_HAL_Driver/Src/stm32g4xx_hal_i2c.c:5661:26:I2C_Slave_ISR_DMA	16	static
../Drivers/STM32G4xx_HAL_Driver/Src/stm32g4xx_hal_i2c.c:5233:26:I2C_Slave_ISR_IT	16	static
../Drivers/STM32G4xx_HAL_Driver/Src/stm32g4xx_hal_i2c.c:6910:13:I2C_DMAAbort	0	static
../Drivers/STM32G4xx_HAL_Driver/Src/stm32g4xx_hal_i2c.c:4891:22:HAL_I2C_GetState	0	static
../Drivers/STM32G4xx_HAL_Driver/Src/stm32g4xx_hal_i2c.c:4903:21:HAL_I2C_GetMode	0	static
../Drivers/STM32G4xx_HAL_Driver/Src/stm32g4xx_hal_i2c.c:4914:10:HAL_I2C_GetError	0	static
