../Drivers/STM32G4xx_HAL_Driver/Src/stm32g4xx_hal_tim_ex.c:3663:13:TIM_CCxNChannelCmd	8	static
../Drivers/STM32G4xx_HAL_Driver/Src/stm32g4xx_hal_tim_ex.c:3612:13:TIM_DMAErrorCCxN	8	static
../Drivers/STM32G4xx_HAL_Driver/Src/stm32g4xx_hal_tim_ex.c:3553:13:TIM_DMADelayPulseNCplt	8	static
../Drivers/STM32G4xx_HAL_Driver/Src/stm32g4xx_hal_tim_ex.c:304:13:HAL_TIMEx_HallSensor_MspInit	0	static
../Drivers/STM32G4xx_HAL_Driver/Src/stm32g4xx_hal_tim_ex.c:157:19:HAL_TIMEx_HallSensor_Init	48	static
../Drivers/STM32G4xx_HAL_Driver/Src/stm32g4xx_hal_tim_ex.c:319:13:HAL_TIMEx_HallSensor_MspDeInit	0	static
../Drivers/STM32G4xx_HAL_Driver/Src/stm32g4xx_hal_tim_ex.c:259:19:HAL_TIMEx_HallSensor_DeInit	8	static
../Drivers/STM32G4xx_HAL_Driver/Src/stm32g4xx_hal_tim_ex.c:334:19:HAL_TIMEx_HallSensor_Start	16	static
../Drivers/STM32G4xx_HAL_Driver/Src/stm32g4xx_hal_tim_ex.c:388:19:HAL_TIMEx_HallSensor_Stop	8	static
../Drivers/STM32G4xx_HAL_Driver/Src/stm32g4xx_hal_tim_ex.c:416:19:HAL_TIMEx_HallSensor_Start_IT	16	static
../Drivers/STM32G4xx_HAL_Driver/Src/stm32g4xx_hal_tim_ex.c:473:19:HAL_TIMEx_HallSensor_Stop_IT	8	static
../Drivers/STM32G4xx_HAL_Driver/Src/stm32g4xx_hal_tim_ex.c:506:19:HAL_TIMEx_HallSensor_Start_DMA	24	static
../Drivers/STM32G4xx_HAL_Driver/Src/stm32g4xx_hal_tim_ex.c:582:19:HAL_TIMEx_HallSensor_Stop_DMA	8	static
../Drivers/STM32G4xx_HAL_Driver/Src/stm32g4xx_hal_tim_ex.c:645:19:HAL_TIMEx_OCN_Start	8	static
../Drivers/STM32G4xx_HAL_Driver/Src/stm32g4xx_hal_tim_ex.c:697:19:HAL_TIMEx_OCN_Stop	16	static
../Drivers/STM32G4xx_HAL_Driver/Src/stm32g4xx_hal_tim_ex.c:730:19:HAL_TIMEx_OCN_Start_IT	8	static
../Drivers/STM32G4xx_HAL_Driver/Src/stm32g4xx_hal_tim_ex.c:825:19:HAL_TIMEx_OCN_Stop_IT	16	static
../Drivers/STM32G4xx_HAL_Driver/Src/stm32g4xx_hal_tim_ex.c:908:19:HAL_TIMEx_OCN_Start_DMA	16	static
../Drivers/STM32G4xx_HAL_Driver/Src/stm32g4xx_hal_tim_ex.c:1068:19:HAL_TIMEx_OCN_Stop_DMA	16	static
../Drivers/STM32G4xx_HAL_Driver/Src/stm32g4xx_hal_tim_ex.c:1167:19:HAL_TIMEx_PWMN_Start	0	static
../Drivers/STM32G4xx_HAL_Driver/Src/stm32g4xx_hal_tim_ex.c:1218:19:HAL_TIMEx_PWMN_Stop	0	static
../Drivers/STM32G4xx_HAL_Driver/Src/stm32g4xx_hal_tim_ex.c:1251:19:HAL_TIMEx_PWMN_Start_IT	0	static
../Drivers/STM32G4xx_HAL_Driver/Src/stm32g4xx_hal_tim_ex.c:1345:19:HAL_TIMEx_PWMN_Stop_IT	0	static
../Drivers/STM32G4xx_HAL_Driver/Src/stm32g4xx_hal_tim_ex.c:1428:19:HAL_TIMEx_PWMN_Start_DMA	0	static
../Drivers/STM32G4xx_HAL_Driver/Src/stm32g4xx_hal_tim_ex.c:1588:19:HAL_TIMEx_PWMN_Stop_DMA	0	static
../Drivers/STM32G4xx_HAL_Driver/Src/stm32g4xx_hal_tim_ex.c:1687:19:HAL_TIMEx_OnePulseN_Start	24	static
../Drivers/STM32G4xx_HAL_Driver/Src/stm32g4xx_hal_tim_ex.c:1736:19:HAL_TIMEx_OnePulseN_Stop	16	static
../Drivers/STM32G4xx_HAL_Driver/Src/stm32g4xx_hal_tim_ex.c:1775:19:HAL_TIMEx_OnePulseN_Start_IT	24	static
../Drivers/STM32G4xx_HAL_Driver/Src/stm32g4xx_hal_tim_ex.c:1830:19:HAL_TIMEx_OnePulseN_Stop_IT	16	static
../Drivers/STM32G4xx_HAL_Driver/Src/stm32g4xx_hal_tim_ex.c:1924:19:HAL_TIMEx_ConfigCommutEvent	8	static
../Drivers/STM32G4xx_HAL_Driver/Src/stm32g4xx_hal_tim_ex.c:2015:19:HAL_TIMEx_ConfigCommutEvent_IT	8	static
../Drivers/STM32G4xx_HAL_Driver/Src/stm32g4xx_hal_tim_ex.c:2107:19:HAL_TIMEx_ConfigCommutEvent_DMA	8	static
../Drivers/STM32G4xx_HAL_Driver/Src/stm32g4xx_hal_tim_ex.c:2180:19:HAL_TIMEx_MasterConfigSynchronization	12	static
../Drivers/STM32G4xx_HAL_Driver/Src/stm32g4xx_hal_tim_ex.c:2253:19:HAL_TIMEx_ConfigBreakDeadTime	8	static
../Drivers/STM32G4xx_HAL_Driver/Src/stm32g4xx_hal_tim_ex.c:2321:19:HAL_TIMEx_ConfigBreakInput	20	static
../Drivers/STM32G4xx_HAL_Driver/Src/stm32g4xx_hal_tim_ex.c:2588:19:HAL_TIMEx_RemapConfig	0	static
../Drivers/STM32G4xx_HAL_Driver/Src/stm32g4xx_hal_tim_ex.c:2762:20:HAL_TIMEx_TISelection	0	static
../Drivers/STM32G4xx_HAL_Driver/Src/stm32g4xx_hal_tim_ex.c:2817:19:HAL_TIMEx_GroupChannel5	0	static
../Drivers/STM32G4xx_HAL_Driver/Src/stm32g4xx_hal_tim_ex.c:2855:19:HAL_TIMEx_DisarmBreakInput	0	static
../Drivers/STM32G4xx_HAL_Driver/Src/stm32g4xx_hal_tim_ex.c:2909:19:HAL_TIMEx_ReArmBreakInput	16	static
../Drivers/STM32G4xx_HAL_Driver/Src/stm32g4xx_hal_tim_ex.c:2992:19:HAL_TIMEx_DitheringEnable	0	static
../Drivers/STM32G4xx_HAL_Driver/Src/stm32g4xx_hal_tim_ex.c:3016:19:HAL_TIMEx_DitheringDisable	0	static
../Drivers/STM32G4xx_HAL_Driver/Src/stm32g4xx_hal_tim_ex.c:3034:19:HAL_TIMEx_OC_ConfigPulseOnCompare	12	static
../Drivers/STM32G4xx_HAL_Driver/Src/stm32g4xx_hal_tim_ex.c:3079:19:HAL_TIMEx_ConfigSlaveModePreload	0	static
../Drivers/STM32G4xx_HAL_Driver/Src/stm32g4xx_hal_tim_ex.c:3094:19:HAL_TIMEx_EnableSlaveModePreload	0	static
../Drivers/STM32G4xx_HAL_Driver/Src/stm32g4xx_hal_tim_ex.c:3108:19:HAL_TIMEx_DisableSlaveModePreload	0	static
../Drivers/STM32G4xx_HAL_Driver/Src/stm32g4xx_hal_tim_ex.c:3122:19:HAL_TIMEx_EnableDeadTimePreload	0	static
../Drivers/STM32G4xx_HAL_Driver/Src/stm32g4xx_hal_tim_ex.c:3136:19:HAL_TIMEx_DisableDeadTimePreload	0	static
../Drivers/STM32G4xx_HAL_Driver/Src/stm32g4xx_hal_tim_ex.c:3152:19:HAL_TIMEx_ConfigDeadTime	0	static
../Drivers/STM32G4xx_HAL_Driver/Src/stm32g4xx_hal_tim_ex.c:3169:19:HAL_TIMEx_ConfigAsymmetricalDeadTime	0	static
../Drivers/STM32G4xx_HAL_Driver/Src/stm32g4xx_hal_tim_ex.c:3184:19:HAL_TIMEx_EnableAsymmetricalDeadTime	0	static
../Drivers/STM32G4xx_HAL_Driver/Src/stm32g4xx_hal_tim_ex.c:3198:19:HAL_TIMEx_DisableAsymmetricalDeadTime	0	static
../Drivers/STM32G4xx_HAL_Driver/Src/stm32g4xx_hal_tim_ex.c:3216:19:HAL_TIMEx_ConfigEncoderIndex	16	static
../Drivers/STM32G4xx_HAL_Driver/Src/stm32g4xx_hal_tim_ex.c:3255:19:HAL_TIMEx_EnableEncoderIndex	0	static
../Drivers/STM32G4xx_HAL_Driver/Src/stm32g4xx_hal_tim_ex.c:3269:19:HAL_TIMEx_DisableEncoderIndex	0	static
../Drivers/STM32G4xx_HAL_Driver/Src/stm32g4xx_hal_tim_ex.c:3283:19:HAL_TIMEx_EnableEncoderFirstIndex	0	static
../Drivers/STM32G4xx_HAL_Driver/Src/stm32g4xx_hal_tim_ex.c:3297:19:HAL_TIMEx_DisableEncoderFirstIndex	0	static
../Drivers/STM32G4xx_HAL_Driver/Src/stm32g4xx_hal_tim_ex.c:3331:13:HAL_TIMEx_CommutCallback	0	static
../Drivers/STM32G4xx_HAL_Driver/Src/stm32g4xx_hal_tim_ex.c:3514:6:TIMEx_DMACommutationCplt	8	static
../Drivers/STM32G4xx_HAL_Driver/Src/stm32g4xx_hal_tim_ex.c:3345:13:HAL_TIMEx_CommutHalfCpltCallback	0	static
../Drivers/STM32G4xx_HAL_Driver/Src/stm32g4xx_hal_tim_ex.c:3533:6:TIMEx_DMACommutationHalfCplt	8	static
../Drivers/STM32G4xx_HAL_Driver/Src/stm32g4xx_hal_tim_ex.c:3360:13:HAL_TIMEx_BreakCallback	0	static
../Drivers/STM32G4xx_HAL_Driver/Src/stm32g4xx_hal_tim_ex.c:3375:13:HAL_TIMEx_Break2Callback	0	static
../Drivers/STM32G4xx_HAL_Driver/Src/stm32g4xx_hal_tim_ex.c:3390:13:HAL_TIMEx_EncoderIndexCallback	0	static
../Drivers/STM32G4xx_HAL_Driver/Src/stm32g4xx_hal_tim_ex.c:3405:13:HAL_TIMEx_DirectionChangeCallback	0	static
../Drivers/STM32G4xx_HAL_Driver/Src/stm32g4xx_hal_tim_ex.c:3420:13:HAL_TIMEx_IndexErrorCallback	0	static
../Drivers/STM32G4xx_HAL_Driver/Src/stm32g4xx_hal_tim_ex.c:3435:13:HAL_TIMEx_TransitionErrorCallback	0	static
../Drivers/STM32G4xx_HAL_Driver/Src/stm32g4xx_hal_tim_ex.c:3469:22:HAL_TIMEx_HallSensor_GetState	0	static
../Drivers/STM32G4xx_HAL_Driver/Src/stm32g4xx_hal_tim_ex.c:3485:29:HAL_TIMEx_GetChannelNState	0	static
