../Drivers/STM32G4xx_HAL_Driver/Src/stm32g4xx_hal_rcc_ex.c:123:19:HAL_RCCEx_PeriphCLKConfig	32	static
../Drivers/STM32G4xx_HAL_Driver/Src/stm32g4xx_hal_rcc_ex.c:497:6:HAL_RCCEx_GetPeriphCLKConfig	0	static
../Drivers/STM32G4xx_HAL_Driver/Src/stm32g4xx_hal_rcc_ex.c:684:10:HAL_RCCEx_GetPeriphCLKFreq	0	static
../Drivers/STM32G4xx_HAL_Driver/Src/stm32g4xx_hal_rcc_ex.c:1334:6:HAL_RCCEx_EnableLSECSS	0	static
../Drivers/STM32G4xx_HAL_Driver/Src/stm32g4xx_hal_rcc_ex.c:1344:6:HAL_RCCEx_DisableLSECSS	0	static
../Drivers/STM32G4xx_HAL_Driver/Src/stm32g4xx_hal_rcc_ex.c:1357:6:HAL_RCCEx_EnableLSECSS_IT	0	static
../Drivers/STM32G4xx_HAL_Driver/Src/stm32g4xx_hal_rcc_ex.c:1391:13:HAL_RCCEx_LSECSS_Callback	0	static
../Drivers/STM32G4xx_HAL_Driver/Src/stm32g4xx_hal_rcc_ex.c:1374:6:HAL_RCCEx_LSECSS_IRQHandler	8	static
../Drivers/STM32G4xx_HAL_Driver/Src/stm32g4xx_hal_rcc_ex.c:1406:6:HAL_RCCEx_EnableLSCO	48	static
../Drivers/STM32G4xx_HAL_Driver/Src/stm32g4xx_hal_rcc_ex.c:1453:6:HAL_RCCEx_DisableLSCO	24	static
../Drivers/STM32G4xx_HAL_Driver/Src/stm32g4xx_hal_rcc_ex.c:1561:6:HAL_RCCEx_CRSConfig	0	static
../Drivers/STM32G4xx_HAL_Driver/Src/stm32g4xx_hal_rcc_ex.c:1603:6:HAL_RCCEx_CRSSoftwareSynchronizationGenerate	0	static
../Drivers/STM32G4xx_HAL_Driver/Src/stm32g4xx_hal_rcc_ex.c:1613:6:HAL_RCCEx_CRSGetSynchronizationInfo	0	static
../Drivers/STM32G4xx_HAL_Driver/Src/stm32g4xx_hal_rcc_ex.c:1646:10:HAL_RCCEx_CRSWaitSynchronization	24	static
../Drivers/STM32G4xx_HAL_Driver/Src/stm32g4xx_hal_rcc_ex.c:1794:13:HAL_RCCEx_CRS_SyncOkCallback	0	static
../Drivers/STM32G4xx_HAL_Driver/Src/stm32g4xx_hal_rcc_ex.c:1805:13:HAL_RCCEx_CRS_SyncWarnCallback	0	static
../Drivers/STM32G4xx_HAL_Driver/Src/stm32g4xx_hal_rcc_ex.c:1816:13:HAL_RCCEx_CRS_ExpectedSyncCallback	0	static
../Drivers/STM32G4xx_HAL_Driver/Src/stm32g4xx_hal_rcc_ex.c:1832:13:HAL_RCCEx_CRS_ErrorCallback	0	static
../Drivers/STM32G4xx_HAL_Driver/Src/stm32g4xx_hal_rcc_ex.c:1729:6:HAL_RCCEx_CRS_IRQHandler	8	static
