Archive member included to satisfy reference by file (symbol)

d:/documents/stm32cubeide/stm32cubeide/plugins/com.st.stm32cube.ide.mcu.externaltools.gnu-tools-for-stm32.10.3-2021.10.win32_1.0.0.202111181127/tools/bin/../lib/gcc/arm-none-eabi/10.3.1/../../../../arm-none-eabi/lib/thumb/v7e-m+fp/hard\libc_nano.a(lib_a-errno.o)
                              ./Core/Src/syscalls.o (__errno)
d:/documents/stm32cubeide/stm32cubeide/plugins/com.st.stm32cube.ide.mcu.externaltools.gnu-tools-for-stm32.10.3-2021.10.win32_1.0.0.202111181127/tools/bin/../lib/gcc/arm-none-eabi/10.3.1/../../../../arm-none-eabi/lib/thumb/v7e-m+fp/hard\libc_nano.a(lib_a-exit.o)
                              d:/documents/stm32cubeide/stm32cubeide/plugins/com.st.stm32cube.ide.mcu.externaltools.gnu-tools-for-stm32.10.3-2021.10.win32_1.0.0.202111181127/tools/bin/../lib/gcc/arm-none-eabi/10.3.1/../../../../arm-none-eabi/lib/thumb/v7e-m+fp/hard/crt0.o (exit)
d:/documents/stm32cubeide/stm32cubeide/plugins/com.st.stm32cube.ide.mcu.externaltools.gnu-tools-for-stm32.10.3-2021.10.win32_1.0.0.202111181127/tools/bin/../lib/gcc/arm-none-eabi/10.3.1/../../../../arm-none-eabi/lib/thumb/v7e-m+fp/hard\libc_nano.a(lib_a-impure.o)
                              d:/documents/stm32cubeide/stm32cubeide/plugins/com.st.stm32cube.ide.mcu.externaltools.gnu-tools-for-stm32.10.3-2021.10.win32_1.0.0.202111181127/tools/bin/../lib/gcc/arm-none-eabi/10.3.1/../../../../arm-none-eabi/lib/thumb/v7e-m+fp/hard\libc_nano.a(lib_a-exit.o) (_global_impure_ptr)
d:/documents/stm32cubeide/stm32cubeide/plugins/com.st.stm32cube.ide.mcu.externaltools.gnu-tools-for-stm32.10.3-2021.10.win32_1.0.0.202111181127/tools/bin/../lib/gcc/arm-none-eabi/10.3.1/../../../../arm-none-eabi/lib/thumb/v7e-m+fp/hard\libc_nano.a(lib_a-init.o)
                              d:/documents/stm32cubeide/stm32cubeide/plugins/com.st.stm32cube.ide.mcu.externaltools.gnu-tools-for-stm32.10.3-2021.10.win32_1.0.0.202111181127/tools/bin/../lib/gcc/arm-none-eabi/10.3.1/../../../../arm-none-eabi/lib/thumb/v7e-m+fp/hard/crt0.o (__libc_init_array)
d:/documents/stm32cubeide/stm32cubeide/plugins/com.st.stm32cube.ide.mcu.externaltools.gnu-tools-for-stm32.10.3-2021.10.win32_1.0.0.202111181127/tools/bin/../lib/gcc/arm-none-eabi/10.3.1/../../../../arm-none-eabi/lib/thumb/v7e-m+fp/hard\libc_nano.a(lib_a-memset.o)
                              d:/documents/stm32cubeide/stm32cubeide/plugins/com.st.stm32cube.ide.mcu.externaltools.gnu-tools-for-stm32.10.3-2021.10.win32_1.0.0.202111181127/tools/bin/../lib/gcc/arm-none-eabi/10.3.1/../../../../arm-none-eabi/lib/thumb/v7e-m+fp/hard/crt0.o (memset)
d:/documents/stm32cubeide/stm32cubeide/plugins/com.st.stm32cube.ide.mcu.externaltools.gnu-tools-for-stm32.10.3-2021.10.win32_1.0.0.202111181127/tools/bin/../lib/gcc/arm-none-eabi/10.3.1/../../../../arm-none-eabi/lib/thumb/v7e-m+fp/hard\libc_nano.a(lib_a-nano-vfprintf_float.o)
                              (_printf_float)
d:/documents/stm32cubeide/stm32cubeide/plugins/com.st.stm32cube.ide.mcu.externaltools.gnu-tools-for-stm32.10.3-2021.10.win32_1.0.0.202111181127/tools/bin/../lib/gcc/arm-none-eabi/10.3.1/../../../../arm-none-eabi/lib/thumb/v7e-m+fp/hard\libc_nano.a(lib_a-nano-vfprintf_i.o)
                              d:/documents/stm32cubeide/stm32cubeide/plugins/com.st.stm32cube.ide.mcu.externaltools.gnu-tools-for-stm32.10.3-2021.10.win32_1.0.0.202111181127/tools/bin/../lib/gcc/arm-none-eabi/10.3.1/../../../../arm-none-eabi/lib/thumb/v7e-m+fp/hard\libc_nano.a(lib_a-nano-vfprintf_float.o) (_printf_common)
d:/documents/stm32cubeide/stm32cubeide/plugins/com.st.stm32cube.ide.mcu.externaltools.gnu-tools-for-stm32.10.3-2021.10.win32_1.0.0.202111181127/tools/bin/../lib/gcc/arm-none-eabi/10.3.1/../../../../arm-none-eabi/lib/thumb/v7e-m+fp/hard\libc_nano.a(lib_a-sprintf.o)
                              ./Core/Src/app.o (sprintf)
d:/documents/stm32cubeide/stm32cubeide/plugins/com.st.stm32cube.ide.mcu.externaltools.gnu-tools-for-stm32.10.3-2021.10.win32_1.0.0.202111181127/tools/bin/../lib/gcc/arm-none-eabi/10.3.1/../../../../arm-none-eabi/lib/thumb/v7e-m+fp/hard\libc_nano.a(lib_a-strlen.o)
                              ./Core/Src/app.o (strlen)
d:/documents/stm32cubeide/stm32cubeide/plugins/com.st.stm32cube.ide.mcu.externaltools.gnu-tools-for-stm32.10.3-2021.10.win32_1.0.0.202111181127/tools/bin/../lib/gcc/arm-none-eabi/10.3.1/../../../../arm-none-eabi/lib/thumb/v7e-m+fp/hard\libc_nano.a(lib_a-dtoa.o)
                              d:/documents/stm32cubeide/stm32cubeide/plugins/com.st.stm32cube.ide.mcu.externaltools.gnu-tools-for-stm32.10.3-2021.10.win32_1.0.0.202111181127/tools/bin/../lib/gcc/arm-none-eabi/10.3.1/../../../../arm-none-eabi/lib/thumb/v7e-m+fp/hard\libc_nano.a(lib_a-nano-vfprintf_float.o) (_dtoa_r)
[...]
Memory Configuration

Name             Origin             Length             Attributes
RAM              0x0000000020000000 0x0000000000008000 xrw
FLASH            0x0000000008000000 0x0000000000020000 xr
*default*        0x0000000000000000 0xffffffffffffffff

Linker script and memory map

LOAD d:/documents/stm32cubeide/stm32cubeide/plugins/com.st.stm32cube.ide.mcu.externaltools.gnu-tools-for-stm32.10.3-2021.10.win32_1.0.0.202111181127/tools/bin/../lib/gcc/arm-none-eabi/10.3.1/thumb/v7e-m+fp/hard/crti.o
LOAD d:/documents/stm32cubeide/stm32cubeide/plugins/com.st.stm32cube.ide.mcu.externaltools.gnu-tools-for-stm32.10.3-2021.10.win32_1.0.0.202111181127/tools/bin/../lib/gcc/arm-none-eabi/10.3.1/thumb/v7e-m+fp/hard/crtbegin.o
LOAD d:/documents/stm32cubeide/stm32cubeide/plugins/com.st.stm32cube.ide.mcu.externaltools.gnu-tools-for-stm32.10.3-2021.10.win32_1.0.0.202111181127/tools/bin/../lib/gcc/arm-none-eabi/10.3.1/../../../../arm-none-eabi/lib/thumb/v7e-m+fp/hard/crt0.o
LOAD ./Core/Src/app.o
LOAD ./Core/Src/can.o
LOAD ./Core/Src/current_controller.o
LOAD ./Core/Src/encoder.o
LOAD ./Core/Src/foc_math.o
LOAD ./Core/Src/main.o
LOAD ./Core/Src/motor.o
LOAD ./Core/Src/motor_controller.o
LOAD ./Core/Src/position_controller.o
LOAD ./Core/Src/powerstage.o
LOAD ./Core/Src/stm32g4xx_hal_msp.o
LOAD ./Core/Src/stm32g4xx_it.o
LOAD ./Core/Src/syscalls.o
LOAD ./Core/Src/sysmem.o
LOAD ./Core/Src/system_stm32g4xx.o
LOAD ./Core/Startup/startup_stm32g431cbux.o
LOAD ./Drivers/STM32G4xx_HAL_Driver/Src/stm32g4xx_hal.o
LOAD ./Drivers/STM32G4xx_HAL_Driver/Src/stm32g4xx_hal_adc.o
LOAD ./Drivers/STM32G4xx_HAL_Driver/Src/stm32g4xx_hal_adc_ex.o
LOAD ./Drivers/STM32G4xx_HAL_Driver/Src/stm32g4xx_hal_cortex.o
LOAD ./Drivers/STM32G4xx_HAL_Driver/Src/stm32g4xx_hal_dma.o
LOAD ./Drivers/STM32G4xx_HAL_Driver/Src/stm32g4xx_hal_dma_ex.o
LOAD ./Drivers/STM32G4xx_HAL_Driver/Src/stm32g4xx_hal_exti.o
LOAD ./Drivers/STM32G4xx_HAL_Driver/Src/stm32g4xx_hal_fdcan.o
LOAD ./Drivers/STM32G4xx_HAL_Driver/Src/stm32g4xx_hal_flash.o
LOAD ./Drivers/STM32G4xx_HAL_Driver/Src/stm32g4xx_hal_flash_ex.o
LOAD ./Drivers/STM32G4xx_HAL_Driver/Src/stm32g4xx_hal_flash_ramfunc.o
LOAD ./Drivers/STM32G4xx_HAL_Driver/Src/stm32g4xx_hal_gpio.o
LOAD ./Drivers/STM32G4xx_HAL_Driver/Src/stm32g4xx_hal_i2c.o
LOAD ./Drivers/STM32G4xx_HAL_Driver/Src/stm32g4xx_hal_i2c_ex.o
LOAD ./Drivers/STM32G4xx_HAL_Driver/Src/stm32g4xx_hal_opamp.o
LOAD ./Drivers/STM32G4xx_HAL_Driver/Src/stm32g4xx_hal_opamp_ex.o
LOAD ./Drivers/STM32G4xx_HAL_Driver/Src/stm32g4xx_hal_pwr.o
LOAD ./Drivers/STM32G4xx_HAL_Driver/Src/stm32g4xx_hal_pwr_ex.o
LOAD ./Drivers/STM32G4xx_HAL_Driver/Src/stm32g4xx_hal_rcc.o
LOAD ./Drivers/STM32G4xx_HAL_Driver/Src/stm32g4xx_hal_rcc_ex.o
LOAD ./Drivers/STM32G4xx_HAL_Driver/Src/stm32g4xx_hal_tim.o
LOAD ./Drivers/STM32G4xx_HAL_Driver/Src/stm32g4xx_hal_tim_ex.o
LOAD ./Drivers/STM32G4xx_HAL_Driver/Src/stm32g4xx_hal_uart.o
LOAD ./Drivers/STM32G4xx_HAL_Driver/Src/stm32g4xx_hal_uart_ex.o
LOAD ./Drivers/STM32G4xx_HAL_Driver/Src/stm32g4xx_ll_adc.o
START GROUP
LOAD d:/documents/stm32cubeide/stm32cubeide/plugins/com.st.stm32cube.ide.mcu.externaltools.gnu-tools-for-stm32.10.3-2021.10.win32_1.0.0.202111181127/tools/bin/../lib/gcc/arm-none-eabi/10.3.1/../../../../arm-none-eabi/lib/thumb/v7e-m+fp/hard\libc_nano.a
LOAD d:/documents/stm32cubeide/stm32cubeide/plugins/com.st.stm32cube.ide.mcu.externaltools.gnu-tools-for-stm32.10.3-2021.10.win32_1.0.0.202111181127/tools/bin/../lib/gcc/arm-none-eabi/10.3.1/../../../../arm-none-eabi/lib/thumb/v7e-m+fp/hard\libm.a
END GROUP
START GROUP
LOAD d:/documents/stm32cubeide/stm32cubeide/plugins/com.st.stm32cube.ide.mcu.externaltools.gnu-tools-for-stm32.10.3-2021.10.win32_1.0.0.202111181127/tools/bin/../lib/gcc/arm-none-eabi/10.3.1/thumb/v7e-m+fp/hard\libgcc.a
LOAD d:/documents/stm32cubeide/stm32cubeide/plugins/com.st.stm32cube.ide.mcu.externaltools.gnu-tools-for-stm32.10.3-2021.10.win32_1.0.0.202111181127/tools/bin/../lib/gcc/arm-none-eabi/10.3.1/../../../../arm-none-eabi/lib/thumb/v7e-m+fp/hard\libc_nano.a
END GROUP
START GROUP
LOAD d:/documents/stm32cubeide/stm32cubeide/plugins/com.st.stm32cube.ide.mcu.externaltools.gnu-tools-for-stm32.10.3-2021.10.win32_1.0.0.202111181127/tools/bin/../lib/gcc/arm-none-eabi/10.3.1/thumb/v7e-m+fp/hard\libgcc.a
LOAD d:/documents/stm32cubeide/stm32cubeide/plugins/com.st.stm32cube.ide.mcu.externaltools.gnu-tools-for-stm32.10.3-2021.10.win32_1.0.0.202111181127/tools/bin/../lib/gcc/arm-none-eabi/10.3.1/../../../../arm-none-eabi/lib/thumb/v7e-m+fp/hard\libc_nano.a
LOAD d:/documents/stm32cubeide/stm32cubeide/plugins/com.st.stm32cube.ide.mcu.externaltools.gnu-tools-for-stm32.10.3-2021.10.win32_1.0.0.202111181127/tools/bin/../lib/gcc/arm-none-eabi/10.3.1/../../../../arm-none-eabi/lib/thumb/v7e-m+fp/hard\libnosys.a
END GROUP
START GROUP
LOAD d:/documents/stm32cubeide/stm32cubeide/plugins/com.st.stm32cube.ide.mcu.externaltools.gnu-tools-for-stm32.10.3-2021.10.win32_1.0.0.202111181127/tools/bin/../lib/gcc/arm-none-eabi/10.3.1/thumb/v7e-m+fp/hard\libgcc.a
LOAD d:/documents/stm32cubeide/stm32cubeide/plugins/com.st.stm32cube.ide.mcu.externaltools.gnu-tools-for-stm32.10.3-2021.10.win32_1.0.0.202111181127/tools/bin/../lib/gcc/arm-none-eabi/10.3.1/../../../../arm-none-eabi/lib/thumb/v7e-m+fp/hard\libc_nano.a
LOAD d:/documents/stm32cubeide/stm32cubeide/plugins/com.st.stm32cube.ide.mcu.externaltools.gnu-tools-for-stm32.10.3-2021.10.win32_1.0.0.202111181127/tools/bin/../lib/gcc/arm-none-eabi/10.3.1/../../../../arm-none-eabi/lib/thumb/v7e-m+fp/hard\libnosys.a
END GROUP
LOAD d:/documents/stm32cubeide/stm32cubeide/plugins/com.st.stm32cube.ide.mcu.externaltools.gnu-tools-for-stm32.10.3-2021.10.win32_1.0.0.202111181127/tools/bin/../lib/gcc/arm-none-eabi/10.3.1/thumb/v7e-m+fp/hard/crtend.o
LOAD d:/documents/stm32cubeide/stm32cubeide/plugins/com.st.stm32cube.ide.mcu.externaltools.gnu-tools-for-stm32.10.3-2021.10.win32_1.0.0.202111181127/tools/bin/../lib/gcc/arm-none-eabi/10.3.1/thumb/v7e-m+fp/hard/crtn.o
                0x0000000020008000                _estack = (ORIGIN (RAM) + LENGTH (RAM))
                0x0000000000000200                _Min_Heap_Size = 0x200
                0x0000000000000400                _Min_Stack_Size = 0x400

.isr_vector     0x0000000008000000      0x1d8
                0x0000000008000000                . = ALIGN (0x4)
 *(.isr_vector)
 .isr_vector    0x0000000008000000      0x1d8 ./Core/Startup/startup_stm32g431cbux.o
                0x0000000008000000                g_pfnVectors
                0x00000000080001d8                . = ALIGN (0x4)

.text           0x00000000080001e0    0x1063c
                0x00000000080001e0                . = ALIGN (0x4)
 *(.text)
 .text          0x00000000080001e0       0x40 d:/documents/stm32cubeide/stm32cubeide/plugins/com.st.stm32cube.ide.mcu.externaltools.gnu-tools-for-stm32.10.3-2021.10.win32_1.0.0.202111181127/tools/bin/../lib/gcc/arm-none-eabi/10.3.1/thumb/v7e-m+fp/hard/crtbegin.o
 .text          0x0000000008000220       0x10 d:/documents/stm32cubeide/stm32cubeide/plugins/com.st.stm32cube.ide.mcu.externaltools.gnu-tools-for-stm32.10.3-2021.10.win32_1.0.0.202111181127/tools/bin/../lib/gcc/arm-none-eabi/10.3.1/../../../../arm-none-eabi/lib/thumb/v7e-m+fp/hard\libc_nano.a(lib_a-strlen.o)
                0x0000000008000220                strlen
 .text          0x0000000008000230       0xa0 d:/documents/stm32cubeide/stm32cubeide/plugins/com.st.stm32cube.ide.mcu.externaltools.gnu-tools-for-stm32.10.3-2021.10.win32_1.0.0.202111181127/tools/bin/../lib/gcc/arm-none-eabi/10.3.1/../../../../arm-none-eabi/lib/thumb/v7e-m+fp/hard\libc_nano.a(lib_a-memchr.o)
                0x0000000008000230                memchr
 .text          0x00000000080002d0      0x378 d:/documents/stm32cubeide/stm32cubeide/plugins/com.st.stm32cube.ide.mcu.externaltools.gnu-tools-for-stm32.10.3-2021.10.win32_1.0.0.202111181127/tools/bin/../lib/gcc/arm-none-eabi/10.3.1/thumb/v7e-m+fp/hard\libgcc.a(_arm_addsubdf3.o)
                0x00000000080002d0                __aeabi_drsub
                0x00000000080002d8                __aeabi_dsub
                0x00000000080002d8                __subdf3
                0x00000000080002dc                __aeabi_dadd
                0x00000000080002dc                __adddf3
                0x0000000008000554                __floatunsidf
                0x0000000008000554                __aeabi_ui2d
                0x0000000008000574                __floatsidf
                0x0000000008000574                __aeabi_i2d
                0x0000000008000598                __aeabi_f2d
                0x0000000008000598                __extendsfdf2
                0x00000000080005dc                __floatundidf
                0x00000000080005dc                __aeabi_ul2d
                0x00000000080005ec                __floatdidf
                0x00000000080005ec                __aeabi_l2d
 .text          0x0000000008000648      0x424 d:/documents/stm32cubeide/stm32cubeide/plugins/com.st.stm32cube.ide.mcu.externaltools.gnu-tools-for-stm32.10.3-2021.10.win32_1.0.0.202111181127/tools/bin/../lib/gcc/arm-none-eabi/10.3.1/thumb/v7e-m+fp/hard\libgcc.a(_arm_muldivdf3.o)
                0x0000000008000648                __aeabi_dmul
                0x0000000008000648                __muldf3
                0x000000000800089c                __divdf3
                0x000000000800089c                __aeabi_ddiv
 .text          0x0000000008000a6c      0x110 d:/documents/stm32cubeide/stm32cubeide/plugins/com.st.stm32cube.ide.mcu.externaltools.gnu-tools-for-stm32.10.3-2021.10.win32_1.0.0.202111181127/tools/bin/../lib/gcc/arm-none-eabi/10.3.1/thumb/v7e-m+fp/hard\libgcc.a(_arm_cmpdf2.o)
                0x0000000008000a6c                __gtdf2
                0x0000000008000a6c                __gedf2
                0x0000000008000a74                __ltdf2
                0x0000000008000a74                __ledf2
                0x0000000008000a7c                __nedf2
                0x0000000008000a7c                __eqdf2
                0x0000000008000a7c                __cmpdf2
                0x0000000008000af8                __aeabi_cdrcmple
                0x0000000008000b08                __aeabi_cdcmpeq
                0x0000000008000b08                __aeabi_cdcmple
                0x0000000008000b18                __aeabi_dcmpeq
                0x0000000008000b2c                __aeabi_dcmplt
                0x0000000008000b40                __aeabi_dcmple
                0x0000000008000b54                __aeabi_dcmpge
                0x0000000008000b68                __aeabi_dcmpgt
 .text          0x0000000008000b7c       0x2c d:/documents/stm32cubeide/stm32cubeide/plugins/com.st.stm32cube.ide.mcu.externaltools.gnu-tools-for-stm32.10.3-2021.10.win32_1.0.0.202111181127/tools/bin/../lib/gcc/arm-none-eabi/10.3.1/thumb/v7e-m+fp/hard\libgcc.a(_arm_unorddf2.o)
                0x0000000008000b7c                __unorddf2
                0x0000000008000b7c                __aeabi_dcmpun
 .text          0x0000000008000ba8       0x50 d:/documents/stm32cubeide/stm32cubeide/plugins/com.st.stm32cube.ide.mcu.externaltools.gnu-tools-for-stm32.10.3-2021.10.win32_1.0.0.202111181127/tools/bin/../lib/gcc/arm-none-eabi/10.3.1/thumb/v7e-m+fp/hard\libgcc.a(_arm_fixdfsi.o)
                0x0000000008000ba8                __aeabi_d2iz
                0x0000000008000ba8                __fixdfsi
 .text          0x0000000008000bf8       0xa0 d:/documents/stm32cubeide/stm32cubeide/plugins/com.st.stm32cube.ide.mcu.externaltools.gnu-tools-for-stm32.10.3-2021.10.win32_1.0.0.202111181127/tools/bin/../lib/gcc/arm-none-eabi/10.3.1/thumb/v7e-m+fp/hard\libgcc.a(_arm_truncdfsf2.o)
                0x0000000008000bf8                __truncdfsf2
                0x0000000008000bf8                __aeabi_d2f
 .text          0x0000000008000c98       0x30 d:/documents/stm32cubeide/stm32cubeide/plugins/com.st.stm32cube.ide.mcu.externaltools.gnu-tools-for-stm32.10.3-2021.10.win32_1.0.0.202111181127/tools/bin/../lib/gcc/arm-none-eabi/10.3.1/thumb/v7e-m+fp/hard\libgcc.a(_aeabi_uldivmod.o)
                0x0000000008000c98                __aeabi_uldivmod
 .text          0x0000000008000cc8      0x2d0 d:/documents/stm32cubeide/stm32cubeide/plugins/com.st.stm32cube.ide.mcu.externaltools.gnu-tools-for-stm32.10.3-2021.10.win32_1.0.0.202111181127/tools/bin/../lib/gcc/arm-none-eabi/10.3.1/thumb/v7e-m+fp/hard\libgcc.a(_udivmoddi4.o)
                0x0000000008000cc8                __udivmoddi4
 .text          0x0000000008000f98        0x4 d:/documents/stm32cubeide/stm32cubeide/plugins/com.st.stm32cube.ide.mcu.externaltools.gnu-tools-for-stm32.10.3-2021.10.win32_1.0.0.202111181127/tools/bin/../lib/gcc/arm-none-eabi/10.3.1/thumb/v7e-m+fp/hard\libgcc.a(_dvmd_tls.o)
                0x0000000008000f98                __aeabi_idiv0
                0x0000000008000f98                __aeabi_ldiv0
 *(.text*)
 .text.HAL_FDCAN_RxFifo0Callback
                0x0000000008000f9c       0x34 ./Core/Src/app.o
                0x0000000008000f9c                HAL_FDCAN_RxFifo0Callback
 .text.HAL_TIM_PeriodElapsedCallback
                0x0000000008000fd0       0x74 ./Core/Src/app.o
                0x0000000008000fd0                HAL_TIM_PeriodElapsedCallback
 .text.HAL_I2C_MasterRxCpltCallback
                0x0000000008001044       0x20 ./Core/Src/app.o
                0x0000000008001044                HAL_I2C_MasterRxCpltCallback
 .text.APP_getUserButton
                0x0000000008001064       0x30 ./Core/Src/app.o
                0x0000000008001064                APP_getUserButton
 .text.APP_init
                0x0000000008001094       0x6c ./Core/Src/app.o
                0x0000000008001094                APP_init
 .text.APP_main
                0x0000000008001100       0x80 ./Core/Src/app.o
                0x0000000008001100                APP_main
 .text.CAN_getRxFrame
                0x0000000008001180       0xfc ./Core/Src/can.o
                0x0000000008001180                CAN_getRxFrame
 .text.CAN_putTxFrame
                0x000000000800127c       0xe4 ./Core/Src/can.o
                0x000000000800127c                CAN_putTxFrame
 .text.clampf   0x0000000008001360       0x52 ./Core/Src/current_controller.o
 .text.CurrentController_init
                0x00000000080013b2       0x3c ./Core/Src/current_controller.o
                0x00000000080013b2                CurrentController_init
 *fill*         0x00000000080013ee        0x2 
 .text.CurrentController_update
                0x00000000080013f0      0x3c0 ./Core/Src/current_controller.o
                0x00000000080013f0                CurrentController_update
 .text.Encoder_init
                0x00000000080017b0       0x60 ./Core/Src/encoder.o
                0x00000000080017b0                Encoder_init
 .text.Encoder_triggerUpdate
                0x0000000008001810       0x2c ./Core/Src/encoder.o
                0x0000000008001810                Encoder_triggerUpdate
 *fill*         0x000000000800183c        0x4 
 .text.Encoder_update
                0x0000000008001840      0x1d8 ./Core/Src/encoder.o
                0x0000000008001840                Encoder_update
 .text.Encoder_getRelativePosition
                0x0000000008001a18       0x1e ./Core/Src/encoder.o
                0x0000000008001a18                Encoder_getRelativePosition
 .text.Encoder_getPosition
                0x0000000008001a36       0x1e ./Core/Src/encoder.o
                0x0000000008001a36                Encoder_getPosition
 .text.Encoder_getVelocity
                0x0000000008001a54       0x1e ./Core/Src/encoder.o
                0x0000000008001a54                Encoder_getVelocity
 *fill*         0x0000000008001a72        0x6 
 .text.FOC_clarkTransform
                0x0000000008001a78       0xc8 ./Core/Src/foc_math.o
                0x0000000008001a78                FOC_clarkTransform
 .text.FOC_parkTransform
                0x0000000008001b40       0x6a ./Core/Src/foc_math.o
                0x0000000008001b40                FOC_parkTransform
 .text.FOC_invParkTransform
                0x0000000008001baa       0x6e ./Core/Src/foc_math.o
                0x0000000008001baa                FOC_invParkTransform
 .text.FOC_invClarkSVPWM
                0x0000000008001c18       0xf4 ./Core/Src/foc_math.o
                0x0000000008001c18                FOC_invClarkSVPWM
 .text.main     0x0000000008001d0c       0x4a ./Core/Src/main.o
                0x0000000008001d0c                main
 .text.SystemClock_Config
                0x0000000008001d56       0x96 ./Core/Src/main.o
                0x0000000008001d56                SystemClock_Config
 .text.MX_ADC1_Init
                0x0000000008001dec      0x14c ./Core/Src/main.o
 .text.MX_ADC2_Init
                0x0000000008001f38      0x108 ./Core/Src/main.o
 .text.MX_FDCAN1_Init
                0x0000000008002040       0x8c ./Core/Src/main.o
 .text.MX_I2C1_Init
                0x00000000080020cc       0x80 ./Core/Src/main.o
 .text.MX_OPAMP1_Init
                0x000000000800214c       0x5c ./Core/Src/main.o
 .text.MX_OPAMP2_Init
                0x00000000080021a8       0x5c ./Core/Src/main.o
 .text.MX_OPAMP3_Init
                0x0000000008002204       0x5c ./Core/Src/main.o
 .text.MX_TIM1_Init
                0x0000000008002260      0x1b4 ./Core/Src/main.o
 .text.MX_TIM2_Init
                0x0000000008002414       0x9c ./Core/Src/main.o
 .text.MX_TIM4_Init
                0x00000000080024b0       0x9c ./Core/Src/main.o
 .text.MX_TIM6_Init
                0x000000000800254c       0x70 ./Core/Src/main.o
 .text.MX_USART2_UART_Init
                0x00000000080025bc       0x98 ./Core/Src/main.o
 .text.MX_GPIO_Init
                0x0000000008002654       0xf4 ./Core/Src/main.o
 .text.Error_Handler
                0x0000000008002748        0xa ./Core/Src/main.o
                0x0000000008002748                Error_Handler
 *fill*         0x0000000008002752        0x2 
 .text.Motor_init
                0x0000000008002754       0x2c ./Core/Src/motor.o
                0x0000000008002754                Motor_init
 .text.wrapTo2Pi
                0x0000000008002780       0x64 ./Core/Src/motor_controller.o
 .text.MotorController_init
                0x00000000080027e4      0x1dc ./Core/Src/motor_controller.o
                0x00000000080027e4                MotorController_init
 .text.MotorController_getError
                0x00000000080029c0       0x1a ./Core/Src/motor_controller.o
                0x00000000080029c0                MotorController_getError
 .text.MotorController_getMode
                0x00000000080029da       0x1a ./Core/Src/motor_controller.o
                0x00000000080029da                MotorController_getMode
 .text.MotorController_setMode
                0x00000000080029f4      0x14c ./Core/Src/motor_controller.o
                0x00000000080029f4                MotorController_setMode
 .text.MotorController_setFluxAngle
                0x0000000008002b40       0x8e ./Core/Src/motor_controller.o
                0x0000000008002b40                MotorController_setFluxAngle
 *fill*         0x0000000008002bce        0x2 
 .text.MotorController_loadConfig
                0x0000000008002bd0      0x100 ./Core/Src/motor_controller.o
                0x0000000008002bd0                MotorController_loadConfig
 .text.MotorController_storeConfig
                0x0000000008002cd0      0x158 ./Core/Src/motor_controller.o
                0x0000000008002cd0                MotorController_storeConfig
 .text.MotorController_getTorque
                0x0000000008002e28       0x20 ./Core/Src/motor_controller.o
                0x0000000008002e28                MotorController_getTorque
 .text.MotorController_getVelocity
                0x0000000008002e48       0x20 ./Core/Src/motor_controller.o
                0x0000000008002e48                MotorController_getVelocity
 .text.MotorController_getPosition
                0x0000000008002e68       0x20 ./Core/Src/motor_controller.o
                0x0000000008002e68                MotorController_getPosition
 .text.MotorController_updateCommutation
                0x0000000008002e88       0xc8 ./Core/Src/motor_controller.o
                0x0000000008002e88                MotorController_updateCommutation
 .text.MotorController_triggerPositionUpdate
                0x0000000008002f50       0xa4 ./Core/Src/motor_controller.o
                0x0000000008002f50                MotorController_triggerPositionUpdate
 *fill*         0x0000000008002ff4        0x4 
 .text.MotorController_updatePositionReading
                0x0000000008002ff8       0xa0 ./Core/Src/motor_controller.o
                0x0000000008002ff8                MotorController_updatePositionReading
 .text.MotorController_updatePositionController
                0x0000000008003098       0x78 ./Core/Src/motor_controller.o
                0x0000000008003098                MotorController_updatePositionController
 .text.MotorController_updateService
                0x0000000008003110       0x20 ./Core/Src/motor_controller.o
                0x0000000008003110                MotorController_updateService
 .text.MotorController_runCalibrationSequence
                0x0000000008003130      0x4f8 ./Core/Src/motor_controller.o
                0x0000000008003130                MotorController_runCalibrationSequence
 .text.MotorController_handleCANMessage
                0x0000000008003628      0x558 ./Core/Src/motor_controller.o
                0x0000000008003628                MotorController_handleCANMessage
 .text.clampf   0x0000000008003b80       0x52 ./Core/Src/position_controller.o
 *fill*         0x0000000008003bd2        0x2 
 .text.PositionController_init
                0x0000000008003bd4       0x54 ./Core/Src/position_controller.o
                0x0000000008003bd4                PositionController_init
 .text.PositionController_update
                0x0000000008003c28       0xc0 ./Core/Src/position_controller.o
                0x0000000008003c28                PositionController_update
 .text.clampf   0x0000000008003ce8       0x52 ./Core/Src/powerstage.o
 *fill*         0x0000000008003d3a        0x2 
 .text.PowerStage_init
                0x0000000008003d3c       0x94 ./Core/Src/powerstage.o
                0x0000000008003d3c                PowerStage_init
 .text.PowerStage_disable
                0x0000000008003dd0       0x28 ./Core/Src/powerstage.o
                0x0000000008003dd0                PowerStage_disable
 .text.PowerStage_enable
                0x0000000008003df8       0x28 ./Core/Src/powerstage.o
                0x0000000008003df8                PowerStage_enable
 .text.PowerStage_setBridgeOutput
                0x0000000008003e20      0x150 ./Core/Src/powerstage.o
                0x0000000008003e20                PowerStage_setBridgeOutput
 .text.PowerStage_calibratePhaseCurrentOffset
                0x0000000008003f70       0x4e ./Core/Src/powerstage.o
                0x0000000008003f70                PowerStage_calibratePhaseCurrentOffset
 *fill*         0x0000000008003fbe        0x2 
 .text.PowerStage_getBusVoltage
                0x0000000008003fc0       0x50 ./Core/Src/powerstage.o
                0x0000000008003fc0                PowerStage_getBusVoltage
 .text.PowerStage_getPhaseCurrent
                0x0000000008004010       0xe8 ./Core/Src/powerstage.o
                0x0000000008004010                PowerStage_getPhaseCurrent
 .text.HAL_MspInit
                0x00000000080040f8       0x48 ./Core/Src/stm32g4xx_hal_msp.o
                0x00000000080040f8                HAL_MspInit
 .text.HAL_ADC_MspInit
                0x0000000008004140      0x14c ./Core/Src/stm32g4xx_hal_msp.o
                0x0000000008004140                HAL_ADC_MspInit
 .text.HAL_FDCAN_MspInit
                0x000000000800428c      0x114 ./Core/Src/stm32g4xx_hal_msp.o
                0x000000000800428c                HAL_FDCAN_MspInit
 .text.HAL_I2C_MspInit
                0x00000000080043a0       0xc4 ./Core/Src/stm32g4xx_hal_msp.o
                0x00000000080043a0                HAL_I2C_MspInit
 .text.HAL_OPAMP_MspInit
                0x0000000008004464       0xec ./Core/Src/stm32g4xx_hal_msp.o
                0x0000000008004464                HAL_OPAMP_MspInit
 .text.HAL_TIM_Base_MspInit
                0x0000000008004550       0xe0 ./Core/Src/stm32g4xx_hal_msp.o
                0x0000000008004550                HAL_TIM_Base_MspInit
 .text.HAL_TIM_MspPostInit
                0x0000000008004630       0xec ./Core/Src/stm32g4xx_hal_msp.o
                0x0000000008004630                HAL_TIM_MspPostInit
 .text.HAL_UART_MspInit
                0x000000000800471c       0xb0 ./Core/Src/stm32g4xx_hal_msp.o
                0x000000000800471c                HAL_UART_MspInit
 .text.NMI_Handler
                0x00000000080047cc        0x6 ./Core/Src/stm32g4xx_it.o
                0x00000000080047cc                NMI_Handler
 .text.HardFault_Handler
                0x00000000080047d2        0x6 ./Core/Src/stm32g4xx_it.o
                0x00000000080047d2                HardFault_Handler
 .text.MemManage_Handler
                0x00000000080047d8        0x6 ./Core/Src/stm32g4xx_it.o
                0x00000000080047d8                MemManage_Handler
 .text.BusFault_Handler
                0x00000000080047de        0x6 ./Core/Src/stm32g4xx_it.o
                0x00000000080047de                BusFault_Handler
 .text.UsageFault_Handler
                0x00000000080047e4        0x6 ./Core/Src/stm32g4xx_it.o
                0x00000000080047e4                UsageFault_Handler
 .text.SVC_Handler
                0x00000000080047ea        0xe ./Core/Src/stm32g4xx_it.o
                0x00000000080047ea                SVC_Handler
 .text.DebugMon_Handler
                0x00000000080047f8        0xe ./Core/Src/stm32g4xx_it.o
                0x00000000080047f8                DebugMon_Handler
 .text.PendSV_Handler
                0x0000000008004806        0xe ./Core/Src/stm32g4xx_it.o
                0x0000000008004806                PendSV_Handler
 .text.SysTick_Handler
                0x0000000008004814        0xc ./Core/Src/stm32g4xx_it.o
                0x0000000008004814                SysTick_Handler
 .text.FDCAN1_IT0_IRQHandler
                0x0000000008004820       0x14 ./Core/Src/stm32g4xx_it.o
                0x0000000008004820                FDCAN1_IT0_IRQHandler
 .text.FDCAN1_IT1_IRQHandler
                0x0000000008004834       0x14 ./Core/Src/stm32g4xx_it.o
                0x0000000008004834                FDCAN1_IT1_IRQHandler
 .text.TIM1_UP_TIM16_IRQHandler
                0x0000000008004848       0x14 ./Core/Src/stm32g4xx_it.o
                0x0000000008004848                TIM1_UP_TIM16_IRQHandler
 .text.TIM2_IRQHandler
                0x000000000800485c       0x14 ./Core/Src/stm32g4xx_it.o
                0x000000000800485c                TIM2_IRQHandler
 .text.TIM4_IRQHandler
                0x0000000008004870       0x14 ./Core/Src/stm32g4xx_it.o
                0x0000000008004870                TIM4_IRQHandler
 .text.I2C1_EV_IRQHandler
                0x0000000008004884       0x14 ./Core/Src/stm32g4xx_it.o
                0x0000000008004884                I2C1_EV_IRQHandler
 .text._getpid  0x0000000008004898       0x10 ./Core/Src/syscalls.o
                0x0000000008004898                _getpid
 .text._kill    0x00000000080048a8       0x20 ./Core/Src/syscalls.o
                0x00000000080048a8                _kill
 .text._exit    0x00000000080048c8       0x14 ./Core/Src/syscalls.o
                0x00000000080048c8                _exit
 .text._read    0x00000000080048dc       0x3a ./Core/Src/syscalls.o
                0x00000000080048dc                _read
 .text._write   0x0000000008004916       0x38 ./Core/Src/syscalls.o
                0x0000000008004916                _write
 .text._close   0x000000000800494e       0x18 ./Core/Src/syscalls.o
                0x000000000800494e                _close
 .text._fstat   0x0000000008004966       0x20 ./Core/Src/syscalls.o
                0x0000000008004966                _fstat
 .text._isatty  0x0000000008004986       0x16 ./Core/Src/syscalls.o
                0x0000000008004986                _isatty
 .text._lseek   0x000000000800499c       0x1a ./Core/Src/syscalls.o
                0x000000000800499c                _lseek
 *fill*         0x00000000080049b6        0x2 
 .text._sbrk    0x00000000080049b8       0x6c ./Core/Src/sysmem.o
                0x00000000080049b8                _sbrk
 .text.SystemInit
                0x0000000008004a24       0x24 ./Core/Src/system_stm32g4xx.o
                0x0000000008004a24                SystemInit
 .text.Reset_Handler
                0x0000000008004a48       0x50 ./Core/Startup/startup_stm32g431cbux.o
                0x0000000008004a48                Reset_Handler
 .text.Default_Handler
                0x0000000008004a98        0x2 ./Core/Startup/startup_stm32g431cbux.o
                0x0000000008004a98                RTC_Alarm_IRQHandler
                0x0000000008004a98                EXTI2_IRQHandler
                0x0000000008004a98                TIM8_TRG_COM_IRQHandler
                0x0000000008004a98                TIM8_CC_IRQHandler
                0x0000000008004a98                TIM1_CC_IRQHandler
                0x0000000008004a98                USB_HP_IRQHandler
                0x0000000008004a98                CORDIC_IRQHandler
                0x0000000008004a98                EXTI3_IRQHandler
                0x0000000008004a98                I2C3_ER_IRQHandler
                0x0000000008004a98                EXTI0_IRQHandler
                0x0000000008004a98                I2C2_EV_IRQHandler
                0x0000000008004a98                FPU_IRQHandler
                0x0000000008004a98                ADC1_2_IRQHandler
                0x0000000008004a98                SPI1_IRQHandler
                0x0000000008004a98                TIM6_DAC_IRQHandler
                0x0000000008004a98                TIM8_UP_IRQHandler
                0x0000000008004a98                DMA2_Channel2_IRQHandler
                0x0000000008004a98                DMA1_Channel4_IRQHandler
                0x0000000008004a98                USART3_IRQHandler
                0x0000000008004a98                DMA2_Channel1_IRQHandler
                0x0000000008004a98                DMA1_Channel6_IRQHandler
                0x0000000008004a98                UART4_IRQHandler
                0x0000000008004a98                DMA2_Channel4_IRQHandler
                0x0000000008004a98                TIM3_IRQHandler
                0x0000000008004a98                RCC_IRQHandler
                0x0000000008004a98                DMA1_Channel1_IRQHandler
                0x0000000008004a98                Default_Handler
                0x0000000008004a98                RTC_TAMP_LSECSS_IRQHandler
                0x0000000008004a98                FMAC_IRQHandler
                0x0000000008004a98                EXTI15_10_IRQHandler
                0x0000000008004a98                TIM7_IRQHandler
                0x0000000008004a98                UCPD1_IRQHandler
                0x0000000008004a98                I2C3_EV_IRQHandler
                0x0000000008004a98                EXTI9_5_IRQHandler
                0x0000000008004a98                RTC_WKUP_IRQHandler
                0x0000000008004a98                PVD_PVM_IRQHandler
                0x0000000008004a98                SPI2_IRQHandler
                0x0000000008004a98                DMA2_Channel5_IRQHandler
                0x0000000008004a98                CRS_IRQHandler
                0x0000000008004a98                DMA1_Channel5_IRQHandler
                0x0000000008004a98                USB_LP_IRQHandler
                0x0000000008004a98                EXTI4_IRQHandler
                0x0000000008004a98                RNG_IRQHandler
                0x0000000008004a98                TIM1_TRG_COM_TIM17_IRQHandler
                0x0000000008004a98                DMA1_Channel3_IRQHandler
                0x0000000008004a98                WWDG_IRQHandler
                0x0000000008004a98                LPUART1_IRQHandler
                0x0000000008004a98                DMA2_Channel6_IRQHandler
                0x0000000008004a98                COMP1_2_3_IRQHandler
                0x0000000008004a98                EXTI1_IRQHandler
                0x0000000008004a98                USART2_IRQHandler
                0x0000000008004a98                I2C2_ER_IRQHandler
                0x0000000008004a98                DMA1_Channel2_IRQHandler
                0x0000000008004a98                TIM8_BRK_IRQHandler
                0x0000000008004a98                FLASH_IRQHandler
                0x0000000008004a98                USART1_IRQHandler
                0x0000000008004a98                SPI3_IRQHandler
                0x0000000008004a98                I2C1_ER_IRQHandler
                0x0000000008004a98                LPTIM1_IRQHandler
                0x0000000008004a98                DMAMUX_OVR_IRQHandler
                0x0000000008004a98                USBWakeUp_IRQHandler
                0x0000000008004a98                SAI1_IRQHandler
                0x0000000008004a98                DMA2_Channel3_IRQHandler
                0x0000000008004a98                COMP4_IRQHandler
                0x0000000008004a98                TIM1_BRK_TIM15_IRQHandler
 .text.HAL_Init
                0x0000000008004a9a       0x30 ./Drivers/STM32G4xx_HAL_Driver/Src/stm32g4xx_hal.o
                0x0000000008004a9a                HAL_Init
 *fill*         0x0000000008004aca        0x2 
 .text.HAL_InitTick
                0x0000000008004acc       0x74 ./Drivers/STM32G4xx_HAL_Driver/Src/stm32g4xx_hal.o
                0x0000000008004acc                HAL_InitTick
 .text.HAL_IncTick
                0x0000000008004b40       0x24 ./Drivers/STM32G4xx_HAL_Driver/Src/stm32g4xx_hal.o
                0x0000000008004b40                HAL_IncTick
 .text.HAL_GetTick
                0x0000000008004b64       0x18 ./Drivers/STM32G4xx_HAL_Driver/Src/stm32g4xx_hal.o
                0x0000000008004b64                HAL_GetTick
 .text.HAL_Delay
                0x0000000008004b7c       0x44 ./Drivers/STM32G4xx_HAL_Driver/Src/stm32g4xx_hal.o
                0x0000000008004b7c                HAL_Delay
 .text.LL_ADC_SetCommonClock
                0x0000000008004bc0       0x26 ./Drivers/STM32G4xx_HAL_Driver/Src/stm32g4xx_hal_adc.o
 .text.LL_ADC_DisableDeepPowerDown
                0x0000000008004be6       0x24 ./Drivers/STM32G4xx_HAL_Driver/Src/stm32g4xx_hal_adc.o
 .text.LL_ADC_IsDeepPowerDownEnabled
                0x0000000008004c0a       0x28 ./Drivers/STM32G4xx_HAL_Driver/Src/stm32g4xx_hal_adc.o
 .text.LL_ADC_EnableInternalRegulator
                0x0000000008004c32       0x28 ./Drivers/STM32G4xx_HAL_Driver/Src/stm32g4xx_hal_adc.o
 .text.LL_ADC_IsInternalRegulatorEnabled
                0x0000000008004c5a       0x28 ./Drivers/STM32G4xx_HAL_Driver/Src/stm32g4xx_hal_adc.o
 .text.LL_ADC_Enable
                0x0000000008004c82       0x28 ./Drivers/STM32G4xx_HAL_Driver/Src/stm32g4xx_hal_adc.o
 .text.LL_ADC_IsEnabled
                0x0000000008004caa       0x26 ./Drivers/STM32G4xx_HAL_Driver/Src/stm32g4xx_hal_adc.o
 .text.LL_ADC_REG_IsConversionOngoing
                0x0000000008004cd0       0x26 ./Drivers/STM32G4xx_HAL_Driver/Src/stm32g4xx_hal_adc.o
 .text.LL_ADC_INJ_IsConversionOngoing
                0x0000000008004cf6       0x26 ./Drivers/STM32G4xx_HAL_Driver/Src/stm32g4xx_hal_adc.o
 .text.HAL_ADC_Init
                0x0000000008004d1c      0x314 ./Drivers/STM32G4xx_HAL_Driver/Src/stm32g4xx_hal_adc.o
                0x0000000008004d1c                HAL_ADC_Init
 .text.ADC_Enable
                0x0000000008005030       0xc4 ./Drivers/STM32G4xx_HAL_Driver/Src/stm32g4xx_hal_adc.o
                0x0000000008005030                ADC_Enable
 .text.LL_ADC_SetCommonPathInternalCh
                0x00000000080050f4       0x26 ./Drivers/STM32G4xx_HAL_Driver/Src/stm32g4xx_hal_adc_ex.o
 .text.LL_ADC_GetCommonPathInternalCh
                0x000000000800511a       0x1c ./Drivers/STM32G4xx_HAL_Driver/Src/stm32g4xx_hal_adc_ex.o
 *fill*         0x0000000008005136        0x2 
 .text.LL_ADC_SetOffset
                0x0000000008005138       0x48 ./Drivers/STM32G4xx_HAL_Driver/Src/stm32g4xx_hal_adc_ex.o
 .text.LL_ADC_GetOffsetChannel
                0x0000000008005180       0x2c ./Drivers/STM32G4xx_HAL_Driver/Src/stm32g4xx_hal_adc_ex.o
 .text.LL_ADC_SetOffsetState
                0x00000000080051ac       0x36 ./Drivers/STM32G4xx_HAL_Driver/Src/stm32g4xx_hal_adc_ex.o
 .text.LL_ADC_SetOffsetSign
                0x00000000080051e2       0x36 ./Drivers/STM32G4xx_HAL_Driver/Src/stm32g4xx_hal_adc_ex.o
 .text.LL_ADC_SetOffsetSaturation
                0x0000000008005218       0x36 ./Drivers/STM32G4xx_HAL_Driver/Src/stm32g4xx_hal_adc_ex.o
 .text.LL_ADC_SetSamplingTimeCommonConfig
                0x000000000800524e       0x26 ./Drivers/STM32G4xx_HAL_Driver/Src/stm32g4xx_hal_adc_ex.o
 .text.LL_ADC_INJ_GetTrigAuto
                0x0000000008005274       0x1c ./Drivers/STM32G4xx_HAL_Driver/Src/stm32g4xx_hal_adc_ex.o
 .text.LL_ADC_SetChannelSamplingTime
                0x0000000008005290       0x56 ./Drivers/STM32G4xx_HAL_Driver/Src/stm32g4xx_hal_adc_ex.o
 *fill*         0x00000000080052e6        0x2 
 .text.LL_ADC_SetChannelSingleDiff
                0x00000000080052e8       0x50 ./Drivers/STM32G4xx_HAL_Driver/Src/stm32g4xx_hal_adc_ex.o
 .text.LL_ADC_GetMultimode
                0x0000000008005338       0x1c ./Drivers/STM32G4xx_HAL_Driver/Src/stm32g4xx_hal_adc_ex.o
 .text.LL_ADC_IsEnabled
                0x0000000008005354       0x26 ./Drivers/STM32G4xx_HAL_Driver/Src/stm32g4xx_hal_adc_ex.o
 .text.LL_ADC_REG_IsConversionOngoing
                0x000000000800537a       0x26 ./Drivers/STM32G4xx_HAL_Driver/Src/stm32g4xx_hal_adc_ex.o
 .text.LL_ADC_INJ_StartConversion
                0x00000000080053a0       0x28 ./Drivers/STM32G4xx_HAL_Driver/Src/stm32g4xx_hal_adc_ex.o
 .text.LL_ADC_INJ_IsConversionOngoing
                0x00000000080053c8       0x26 ./Drivers/STM32G4xx_HAL_Driver/Src/stm32g4xx_hal_adc_ex.o
 *fill*         0x00000000080053ee        0x2 
 .text.HAL_ADCEx_InjectedStart
                0x00000000080053f0      0x160 ./Drivers/STM32G4xx_HAL_Driver/Src/stm32g4xx_hal_adc_ex.o
                0x00000000080053f0                HAL_ADCEx_InjectedStart
 .text.HAL_ADCEx_InjectedGetValue
                0x0000000008005550       0x70 ./Drivers/STM32G4xx_HAL_Driver/Src/stm32g4xx_hal_adc_ex.o
                0x0000000008005550                HAL_ADCEx_InjectedGetValue
 .text.HAL_ADCEx_InjectedConfigChannel
                0x00000000080055c0      0x9c0 ./Drivers/STM32G4xx_HAL_Driver/Src/stm32g4xx_hal_adc_ex.o
                0x00000000080055c0                HAL_ADCEx_InjectedConfigChannel
 .text.HAL_ADCEx_MultiModeConfigChannel
                0x0000000008005f80      0x148 ./Drivers/STM32G4xx_HAL_Driver/Src/stm32g4xx_hal_adc_ex.o
                0x0000000008005f80                HAL_ADCEx_MultiModeConfigChannel
 .text.__NVIC_SetPriorityGrouping
                0x00000000080060c8       0x48 ./Drivers/STM32G4xx_HAL_Driver/Src/stm32g4xx_hal_cortex.o
 .text.__NVIC_GetPriorityGrouping
                0x0000000008006110       0x1c ./Drivers/STM32G4xx_HAL_Driver/Src/stm32g4xx_hal_cortex.o
 .text.__NVIC_EnableIRQ
                0x000000000800612c       0x3c ./Drivers/STM32G4xx_HAL_Driver/Src/stm32g4xx_hal_cortex.o
 .text.__NVIC_SetPriority
                0x0000000008006168       0x54 ./Drivers/STM32G4xx_HAL_Driver/Src/stm32g4xx_hal_cortex.o
 .text.NVIC_EncodePriority
                0x00000000080061bc       0x66 ./Drivers/STM32G4xx_HAL_Driver/Src/stm32g4xx_hal_cortex.o
 *fill*         0x0000000008006222        0x2 
 .text.SysTick_Config
                0x0000000008006224       0x44 ./Drivers/STM32G4xx_HAL_Driver/Src/stm32g4xx_hal_cortex.o
 .text.HAL_NVIC_SetPriorityGrouping
                0x0000000008006268       0x16 ./Drivers/STM32G4xx_HAL_Driver/Src/stm32g4xx_hal_cortex.o
                0x0000000008006268                HAL_NVIC_SetPriorityGrouping
 .text.HAL_NVIC_SetPriority
                0x000000000800627e       0x34 ./Drivers/STM32G4xx_HAL_Driver/Src/stm32g4xx_hal_cortex.o
                0x000000000800627e                HAL_NVIC_SetPriority
 .text.HAL_NVIC_EnableIRQ
                0x00000000080062b2       0x1c ./Drivers/STM32G4xx_HAL_Driver/Src/stm32g4xx_hal_cortex.o
                0x00000000080062b2                HAL_NVIC_EnableIRQ
 .text.HAL_SYSTICK_Config
                0x00000000080062ce       0x18 ./Drivers/STM32G4xx_HAL_Driver/Src/stm32g4xx_hal_cortex.o
                0x00000000080062ce                HAL_SYSTICK_Config
 .text.HAL_DMA_Abort_IT
                0x00000000080062e6       0xce ./Drivers/STM32G4xx_HAL_Driver/Src/stm32g4xx_hal_dma.o
                0x00000000080062e6                HAL_DMA_Abort_IT
 .text.HAL_DMA_GetState
                0x00000000080063b4       0x1c ./Drivers/STM32G4xx_HAL_Driver/Src/stm32g4xx_hal_dma.o
                0x00000000080063b4                HAL_DMA_GetState
 .text.HAL_FDCAN_Init
                0x00000000080063d0      0x2b4 ./Drivers/STM32G4xx_HAL_Driver/Src/stm32g4xx_hal_fdcan.o
                0x00000000080063d0                HAL_FDCAN_Init
 .text.HAL_FDCAN_ConfigFilter
                0x0000000008006684       0xb4 ./Drivers/STM32G4xx_HAL_Driver/Src/stm32g4xx_hal_fdcan.o
                0x0000000008006684                HAL_FDCAN_ConfigFilter
 .text.HAL_FDCAN_Start
                0x0000000008006738       0x50 ./Drivers/STM32G4xx_HAL_Driver/Src/stm32g4xx_hal_fdcan.o
                0x0000000008006738                HAL_FDCAN_Start
 .text.HAL_FDCAN_AddMessageToTxFifoQ
                0x0000000008006788       0x88 ./Drivers/STM32G4xx_HAL_Driver/Src/stm32g4xx_hal_fdcan.o
                0x0000000008006788                HAL_FDCAN_AddMessageToTxFifoQ
 .text.HAL_FDCAN_GetRxMessage
                0x0000000008006810      0x1b4 ./Drivers/STM32G4xx_HAL_Driver/Src/stm32g4xx_hal_fdcan.o
                0x0000000008006810                HAL_FDCAN_GetRxMessage
 .text.HAL_FDCAN_ActivateNotification
                0x00000000080069c4      0x1cc ./Drivers/STM32G4xx_HAL_Driver/Src/stm32g4xx_hal_fdcan.o
                0x00000000080069c4                HAL_FDCAN_ActivateNotification
 .text.HAL_FDCAN_IRQHandler
                0x0000000008006b90      0x272 ./Drivers/STM32G4xx_HAL_Driver/Src/stm32g4xx_hal_fdcan.o
                0x0000000008006b90                HAL_FDCAN_IRQHandler
 .text.HAL_FDCAN_TxEventFifoCallback
                0x0000000008006e02       0x16 ./Drivers/STM32G4xx_HAL_Driver/Src/stm32g4xx_hal_fdcan.o
                0x0000000008006e02                HAL_FDCAN_TxEventFifoCallback
 .text.HAL_FDCAN_RxFifo1Callback
                0x0000000008006e18       0x16 ./Drivers/STM32G4xx_HAL_Driver/Src/stm32g4xx_hal_fdcan.o
                0x0000000008006e18                HAL_FDCAN_RxFifo1Callback
 .text.HAL_FDCAN_TxFifoEmptyCallback
                0x0000000008006e2e       0x14 ./Drivers/STM32G4xx_HAL_Driver/Src/stm32g4xx_hal_fdcan.o
                0x0000000008006e2e                HAL_FDCAN_TxFifoEmptyCallback
 .text.HAL_FDCAN_TxBufferCompleteCallback
                0x0000000008006e42       0x16 ./Drivers/STM32G4xx_HAL_Driver/Src/stm32g4xx_hal_fdcan.o
                0x0000000008006e42                HAL_FDCAN_TxBufferCompleteCallback
 .text.HAL_FDCAN_TxBufferAbortCallback
                0x0000000008006e58       0x16 ./Drivers/STM32G4xx_HAL_Driver/Src/stm32g4xx_hal_fdcan.o
                0x0000000008006e58                HAL_FDCAN_TxBufferAbortCallback
 .text.HAL_FDCAN_TimestampWraparoundCallback
                0x0000000008006e6e       0x14 ./Drivers/STM32G4xx_HAL_Driver/Src/stm32g4xx_hal_fdcan.o
                0x0000000008006e6e                HAL_FDCAN_TimestampWraparoundCallback
 .text.HAL_FDCAN_TimeoutOccurredCallback
                0x0000000008006e82       0x14 ./Drivers/STM32G4xx_HAL_Driver/Src/stm32g4xx_hal_fdcan.o
                0x0000000008006e82                HAL_FDCAN_TimeoutOccurredCallback
 .text.HAL_FDCAN_HighPriorityMessageCallback
                0x0000000008006e96       0x14 ./Drivers/STM32G4xx_HAL_Driver/Src/stm32g4xx_hal_fdcan.o
                0x0000000008006e96                HAL_FDCAN_HighPriorityMessageCallback
 .text.HAL_FDCAN_ErrorCallback
                0x0000000008006eaa       0x14 ./Drivers/STM32G4xx_HAL_Driver/Src/stm32g4xx_hal_fdcan.o
                0x0000000008006eaa                HAL_FDCAN_ErrorCallback
 .text.HAL_FDCAN_ErrorStatusCallback
                0x0000000008006ebe       0x16 ./Drivers/STM32G4xx_HAL_Driver/Src/stm32g4xx_hal_fdcan.o
                0x0000000008006ebe                HAL_FDCAN_ErrorStatusCallback
 .text.FDCAN_CalcultateRamBlockAddresses
                0x0000000008006ed4       0xac ./Drivers/STM32G4xx_HAL_Driver/Src/stm32g4xx_hal_fdcan.o
 .text.FDCAN_CopyMessageToRAM
                0x0000000008006f80       0xf8 ./Drivers/STM32G4xx_HAL_Driver/Src/stm32g4xx_hal_fdcan.o
 .text.HAL_FLASH_Program
                0x0000000008007078       0xac ./Drivers/STM32G4xx_HAL_Driver/Src/stm32g4xx_hal_flash.o
                0x0000000008007078                HAL_FLASH_Program
 .text.HAL_FLASH_Unlock
                0x0000000008007124       0x44 ./Drivers/STM32G4xx_HAL_Driver/Src/stm32g4xx_hal_flash.o
                0x0000000008007124                HAL_FLASH_Unlock
 .text.HAL_FLASH_Lock
                0x0000000008007168       0x34 ./Drivers/STM32G4xx_HAL_Driver/Src/stm32g4xx_hal_flash.o
                0x0000000008007168                HAL_FLASH_Lock
 .text.HAL_FLASH_GetError
                0x000000000800719c       0x18 ./Drivers/STM32G4xx_HAL_Driver/Src/stm32g4xx_hal_flash.o
                0x000000000800719c                HAL_FLASH_GetError
 .text.FLASH_WaitForLastOperation
                0x00000000080071b4       0xa8 ./Drivers/STM32G4xx_HAL_Driver/Src/stm32g4xx_hal_flash.o
                0x00000000080071b4                FLASH_WaitForLastOperation
 .text.FLASH_Program_DoubleWord
                0x000000000800725c       0x4c ./Drivers/STM32G4xx_HAL_Driver/Src/stm32g4xx_hal_flash.o
 .text.FLASH_Program_Fast
                0x00000000080072a8       0x6c ./Drivers/STM32G4xx_HAL_Driver/Src/stm32g4xx_hal_flash.o
 .text.HAL_FLASHEx_Erase
                0x0000000008007314      0x130 ./Drivers/STM32G4xx_HAL_Driver/Src/stm32g4xx_hal_flash_ex.o
                0x0000000008007314                HAL_FLASHEx_Erase
 .text.FLASH_MassErase
                0x0000000008007444       0x3c ./Drivers/STM32G4xx_HAL_Driver/Src/stm32g4xx_hal_flash_ex.o
 .text.FLASH_PageErase
                0x0000000008007480       0x48 ./Drivers/STM32G4xx_HAL_Driver/Src/stm32g4xx_hal_flash_ex.o
                0x0000000008007480                FLASH_PageErase
 .text.FLASH_FlushCaches
                0x00000000080074c8       0x94 ./Drivers/STM32G4xx_HAL_Driver/Src/stm32g4xx_hal_flash_ex.o
                0x00000000080074c8                FLASH_FlushCaches
 .text.HAL_GPIO_Init
                0x000000000800755c      0x304 ./Drivers/STM32G4xx_HAL_Driver/Src/stm32g4xx_hal_gpio.o
                0x000000000800755c                HAL_GPIO_Init
 .text.HAL_GPIO_ReadPin
                0x0000000008007860       0x30 ./Drivers/STM32G4xx_HAL_Driver/Src/stm32g4xx_hal_gpio.o
                0x0000000008007860                HAL_GPIO_ReadPin
 .text.HAL_GPIO_WritePin
                0x0000000008007890       0x30 ./Drivers/STM32G4xx_HAL_Driver/Src/stm32g4xx_hal_gpio.o
                0x0000000008007890                HAL_GPIO_WritePin
 .text.HAL_I2C_Init
                0x00000000080078c0      0x11e ./Drivers/STM32G4xx_HAL_Driver/Src/stm32g4xx_hal_i2c.o
                0x00000000080078c0                HAL_I2C_Init
 *fill*         0x00000000080079de        0x2 
 .text.HAL_I2C_Master_Receive_IT
                0x00000000080079e0       0xe0 ./Drivers/STM32G4xx_HAL_Driver/Src/stm32g4xx_hal_i2c.o
                0x00000000080079e0                HAL_I2C_Master_Receive_IT
 .text.HAL_I2C_Mem_Read_IT
                0x0000000008007ac0      0x12c ./Drivers/STM32G4xx_HAL_Driver/Src/stm32g4xx_hal_i2c.o
                0x0000000008007ac0                HAL_I2C_Mem_Read_IT
 .text.HAL_I2C_EV_IRQHandler
                0x0000000008007bec       0x34 ./Drivers/STM32G4xx_HAL_Driver/Src/stm32g4xx_hal_i2c.o
                0x0000000008007bec                HAL_I2C_EV_IRQHandler
 .text.HAL_I2C_MasterTxCpltCallback
                0x0000000008007c20       0x14 ./Drivers/STM32G4xx_HAL_Driver/Src/stm32g4xx_hal_i2c.o
                0x0000000008007c20                HAL_I2C_MasterTxCpltCallback
 .text.HAL_I2C_SlaveTxCpltCallback
                0x0000000008007c34       0x14 ./Drivers/STM32G4xx_HAL_Driver/Src/stm32g4xx_hal_i2c.o
                0x0000000008007c34                HAL_I2C_SlaveTxCpltCallback
 .text.HAL_I2C_SlaveRxCpltCallback
                0x0000000008007c48       0x14 ./Drivers/STM32G4xx_HAL_Driver/Src/stm32g4xx_hal_i2c.o
                0x0000000008007c48                HAL_I2C_SlaveRxCpltCallback
 .text.HAL_I2C_AddrCallback
                0x0000000008007c5c       0x1c ./Drivers/STM32G4xx_HAL_Driver/Src/stm32g4xx_hal_i2c.o
                0x0000000008007c5c                HAL_I2C_AddrCallback
 .text.HAL_I2C_ListenCpltCallback
                0x0000000008007c78       0x14 ./Drivers/STM32G4xx_HAL_Driver/Src/stm32g4xx_hal_i2c.o
                0x0000000008007c78                HAL_I2C_ListenCpltCallback
 .text.HAL_I2C_MemTxCpltCallback
                0x0000000008007c8c       0x14 ./Drivers/STM32G4xx_HAL_Driver/Src/stm32g4xx_hal_i2c.o
                0x0000000008007c8c                HAL_I2C_MemTxCpltCallback
 .text.HAL_I2C_MemRxCpltCallback
                0x0000000008007ca0       0x14 ./Drivers/STM32G4xx_HAL_Driver/Src/stm32g4xx_hal_i2c.o
                0x0000000008007ca0                HAL_I2C_MemRxCpltCallback
 .text.HAL_I2C_ErrorCallback
                0x0000000008007cb4       0x14 ./Drivers/STM32G4xx_HAL_Driver/Src/stm32g4xx_hal_i2c.o
                0x0000000008007cb4                HAL_I2C_ErrorCallback
 .text.HAL_I2C_AbortCpltCallback
                0x0000000008007cc8       0x14 ./Drivers/STM32G4xx_HAL_Driver/Src/stm32g4xx_hal_i2c.o
                0x0000000008007cc8                HAL_I2C_AbortCpltCallback
 .text.I2C_Master_ISR_IT
                0x0000000008007cdc      0x250 ./Drivers/STM32G4xx_HAL_Driver/Src/stm32g4xx_hal_i2c.o
 .text.I2C_Slave_ISR_IT
                0x0000000008007f2c      0x206 ./Drivers/STM32G4xx_HAL_Driver/Src/stm32g4xx_hal_i2c.o
 .text.I2C_Master_ISR_DMA
                0x0000000008008132      0x1e6 ./Drivers/STM32G4xx_HAL_Driver/Src/stm32g4xx_hal_i2c.o
 .text.I2C_Slave_ISR_DMA
                0x0000000008008318      0x1c0 ./Drivers/STM32G4xx_HAL_Driver/Src/stm32g4xx_hal_i2c.o
 .text.I2C_RequestMemoryRead
                0x00000000080084d8       0xa8 ./Drivers/STM32G4xx_HAL_Driver/Src/stm32g4xx_hal_i2c.o
 .text.I2C_ITAddrCplt
                0x0000000008008580      0x108 ./Drivers/STM32G4xx_HAL_Driver/Src/stm32g4xx_hal_i2c.o
 .text.I2C_ITMasterSeqCplt
                0x0000000008008688       0x7a ./Drivers/STM32G4xx_HAL_Driver/Src/stm32g4xx_hal_i2c.o
 .text.I2C_ITSlaveSeqCplt
                0x0000000008008702       0xbc ./Drivers/STM32G4xx_HAL_Driver/Src/stm32g4xx_hal_i2c.o
 *fill*         0x00000000080087be        0x2 
 .text.I2C_ITMasterCplt
                0x00000000080087c0      0x194 ./Drivers/STM32G4xx_HAL_Driver/Src/stm32g4xx_hal_i2c.o
 .text.I2C_ITSlaveCplt
                0x0000000008008954      0x214 ./Drivers/STM32G4xx_HAL_Driver/Src/stm32g4xx_hal_i2c.o
 .text.I2C_ITListenCplt
                0x0000000008008b68       0xac ./Drivers/STM32G4xx_HAL_Driver/Src/stm32g4xx_hal_i2c.o
 .text.I2C_ITError
                0x0000000008008c14      0x1a0 ./Drivers/STM32G4xx_HAL_Driver/Src/stm32g4xx_hal_i2c.o
 .text.I2C_TreatErrorCallback
                0x0000000008008db4       0x4e ./Drivers/STM32G4xx_HAL_Driver/Src/stm32g4xx_hal_i2c.o
 .text.I2C_Flush_TXDR
                0x0000000008008e02       0x48 ./Drivers/STM32G4xx_HAL_Driver/Src/stm32g4xx_hal_i2c.o
 .text.I2C_DMAAbort
                0x0000000008008e4a       0x3c ./Drivers/STM32G4xx_HAL_Driver/Src/stm32g4xx_hal_i2c.o
 .text.I2C_WaitOnFlagUntilTimeout
                0x0000000008008e86       0x80 ./Drivers/STM32G4xx_HAL_Driver/Src/stm32g4xx_hal_i2c.o
 .text.I2C_WaitOnTXISFlagUntilTimeout
                0x0000000008008f06       0x80 ./Drivers/STM32G4xx_HAL_Driver/Src/stm32g4xx_hal_i2c.o
 *fill*         0x0000000008008f86        0x2 
 .text.I2C_IsErrorOccurred
                0x0000000008008f88      0x1d8 ./Drivers/STM32G4xx_HAL_Driver/Src/stm32g4xx_hal_i2c.o
 .text.I2C_TransferConfig
                0x0000000008009160       0x64 ./Drivers/STM32G4xx_HAL_Driver/Src/stm32g4xx_hal_i2c.o
 .text.I2C_Enable_IRQ
                0x00000000080091c4       0xc8 ./Drivers/STM32G4xx_HAL_Driver/Src/stm32g4xx_hal_i2c.o
 .text.I2C_Disable_IRQ
                0x000000000800928c       0xbc ./Drivers/STM32G4xx_HAL_Driver/Src/stm32g4xx_hal_i2c.o
 .text.HAL_I2CEx_ConfigAnalogFilter
                0x0000000008009348       0x96 ./Drivers/STM32G4xx_HAL_Driver/Src/stm32g4xx_hal_i2c_ex.o
                0x0000000008009348                HAL_I2CEx_ConfigAnalogFilter
 .text.HAL_I2CEx_ConfigDigitalFilter
                0x00000000080093de       0x98 ./Drivers/STM32G4xx_HAL_Driver/Src/stm32g4xx_hal_i2c_ex.o
                0x00000000080093de                HAL_I2CEx_ConfigDigitalFilter
 *fill*         0x0000000008009476        0x2 
 .text.HAL_OPAMP_Init
                0x0000000008009478      0x1a0 ./Drivers/STM32G4xx_HAL_Driver/Src/stm32g4xx_hal_opamp.o
                0x0000000008009478                HAL_OPAMP_Init
 .text.HAL_OPAMP_Start
                0x0000000008009618       0x62 ./Drivers/STM32G4xx_HAL_Driver/Src/stm32g4xx_hal_opamp.o
                0x0000000008009618                HAL_OPAMP_Start
 *fill*         0x000000000800967a        0x2 
 .text.HAL_PWREx_ControlVoltageScaling
                0x000000000800967c      0x148 ./Drivers/STM32G4xx_HAL_Driver/Src/stm32g4xx_hal_pwr_ex.o
                0x000000000800967c                HAL_PWREx_ControlVoltageScaling
 .text.HAL_RCC_OscConfig
                0x00000000080097c4      0x630 ./Drivers/STM32G4xx_HAL_Driver/Src/stm32g4xx_hal_rcc.o
                0x00000000080097c4                HAL_RCC_OscConfig
 .text.HAL_RCC_ClockConfig
                0x0000000008009df4      0x278 ./Drivers/STM32G4xx_HAL_Driver/Src/stm32g4xx_hal_rcc.o
                0x0000000008009df4                HAL_RCC_ClockConfig
 .text.HAL_RCC_GetSysClockFreq
                0x000000000800a06c       0xc4 ./Drivers/STM32G4xx_HAL_Driver/Src/stm32g4xx_hal_rcc.o
                0x000000000800a06c                HAL_RCC_GetSysClockFreq
 .text.HAL_RCC_GetHCLKFreq
                0x000000000800a130       0x18 ./Drivers/STM32G4xx_HAL_Driver/Src/stm32g4xx_hal_rcc.o
                0x000000000800a130                HAL_RCC_GetHCLKFreq
 .text.HAL_RCC_GetPCLK1Freq
                0x000000000800a148       0x2c ./Drivers/STM32G4xx_HAL_Driver/Src/stm32g4xx_hal_rcc.o
                0x000000000800a148                HAL_RCC_GetPCLK1Freq
 .text.HAL_RCC_GetPCLK2Freq
                0x000000000800a174       0x2c ./Drivers/STM32G4xx_HAL_Driver/Src/stm32g4xx_hal_rcc.o
                0x000000000800a174                HAL_RCC_GetPCLK2Freq
 .text.RCC_GetSysClockFreqFromPLLSource
                0x000000000800a1a0       0x8c ./Drivers/STM32G4xx_HAL_Driver/Src/stm32g4xx_hal_rcc.o
 .text.HAL_RCCEx_PeriphCLKConfig
                0x000000000800a22c      0x3e0 ./Drivers/STM32G4xx_HAL_Driver/Src/stm32g4xx_hal_rcc_ex.o
                0x000000000800a22c                HAL_RCCEx_PeriphCLKConfig
 .text.HAL_TIM_Base_Init
                0x000000000800a60c       0xae ./Drivers/STM32G4xx_HAL_Driver/Src/stm32g4xx_hal_tim.o
                0x000000000800a60c                HAL_TIM_Base_Init
 *fill*         0x000000000800a6ba        0x2 
 .text.HAL_TIM_Base_Start
                0x000000000800a6bc       0xc4 ./Drivers/STM32G4xx_HAL_Driver/Src/stm32g4xx_hal_tim.o
                0x000000000800a6bc                HAL_TIM_Base_Start
 .text.HAL_TIM_Base_Start_IT
                0x000000000800a780       0xd4 ./Drivers/STM32G4xx_HAL_Driver/Src/stm32g4xx_hal_tim.o
                0x000000000800a780                HAL_TIM_Base_Start_IT
 .text.HAL_TIM_PWM_Init
                0x000000000800a854       0xae ./Drivers/STM32G4xx_HAL_Driver/Src/stm32g4xx_hal_tim.o
                0x000000000800a854                HAL_TIM_PWM_Init
 .text.HAL_TIM_PWM_MspInit
                0x000000000800a902       0x14 ./Drivers/STM32G4xx_HAL_Driver/Src/stm32g4xx_hal_tim.o
                0x000000000800a902                HAL_TIM_PWM_MspInit
 *fill*         0x000000000800a916        0x2 
 .text.HAL_TIM_PWM_Start
                0x000000000800a918      0x200 ./Drivers/STM32G4xx_HAL_Driver/Src/stm32g4xx_hal_tim.o
                0x000000000800a918                HAL_TIM_PWM_Start
 .text.HAL_TIM_IRQHandler
                0x000000000800ab18      0x2fe ./Drivers/STM32G4xx_HAL_Driver/Src/stm32g4xx_hal_tim.o
                0x000000000800ab18                HAL_TIM_IRQHandler
 *fill*         0x000000000800ae16        0x2 
 .text.HAL_TIM_PWM_ConfigChannel
                0x000000000800ae18      0x228 ./Drivers/STM32G4xx_HAL_Driver/Src/stm32g4xx_hal_tim.o
                0x000000000800ae18                HAL_TIM_PWM_ConfigChannel
 .text.HAL_TIM_ConfigClockSource
                0x000000000800b040      0x1f4 ./Drivers/STM32G4xx_HAL_Driver/Src/stm32g4xx_hal_tim.o
                0x000000000800b040                HAL_TIM_ConfigClockSource
 .text.HAL_TIM_OC_DelayElapsedCallback
                0x000000000800b234       0x14 ./Drivers/STM32G4xx_HAL_Driver/Src/stm32g4xx_hal_tim.o
                0x000000000800b234                HAL_TIM_OC_DelayElapsedCallback
 .text.HAL_TIM_IC_CaptureCallback
                0x000000000800b248       0x14 ./Drivers/STM32G4xx_HAL_Driver/Src/stm32g4xx_hal_tim.o
                0x000000000800b248                HAL_TIM_IC_CaptureCallback
 .text.HAL_TIM_PWM_PulseFinishedCallback
                0x000000000800b25c       0x14 ./Drivers/STM32G4xx_HAL_Driver/Src/stm32g4xx_hal_tim.o
                0x000000000800b25c                HAL_TIM_PWM_PulseFinishedCallback
 .text.HAL_TIM_TriggerCallback
                0x000000000800b270       0x14 ./Drivers/STM32G4xx_HAL_Driver/Src/stm32g4xx_hal_tim.o
                0x000000000800b270                HAL_TIM_TriggerCallback
 .text.TIM_Base_SetConfig
                0x000000000800b284      0x120 ./Drivers/STM32G4xx_HAL_Driver/Src/stm32g4xx_hal_tim.o
                0x000000000800b284                TIM_Base_SetConfig
 .text.TIM_OC1_SetConfig
                0x000000000800b3a4      0x120 ./Drivers/STM32G4xx_HAL_Driver/Src/stm32g4xx_hal_tim.o
 .text.TIM_OC2_SetConfig
                0x000000000800b4c4      0x114 ./Drivers/STM32G4xx_HAL_Driver/Src/stm32g4xx_hal_tim.o
                0x000000000800b4c4                TIM_OC2_SetConfig
 .text.TIM_OC3_SetConfig
                0x000000000800b5d8      0x110 ./Drivers/STM32G4xx_HAL_Driver/Src/stm32g4xx_hal_tim.o
 .text.TIM_OC4_SetConfig
                0x000000000800b6e8      0x114 ./Drivers/STM32G4xx_HAL_Driver/Src/stm32g4xx_hal_tim.o
 .text.TIM_OC5_SetConfig
                0x000000000800b7fc       0xc8 ./Drivers/STM32G4xx_HAL_Driver/Src/stm32g4xx_hal_tim.o
 .text.TIM_OC6_SetConfig
                0x000000000800b8c4       0xcc ./Drivers/STM32G4xx_HAL_Driver/Src/stm32g4xx_hal_tim.o
 .text.TIM_TI1_ConfigInputStage
                0x000000000800b990       0x5e ./Drivers/STM32G4xx_HAL_Driver/Src/stm32g4xx_hal_tim.o
 .text.TIM_TI2_ConfigInputStage
                0x000000000800b9ee       0x60 ./Drivers/STM32G4xx_HAL_Driver/Src/stm32g4xx_hal_tim.o
 .text.TIM_ITRx_SetConfig
                0x000000000800ba4e       0x3a ./Drivers/STM32G4xx_HAL_Driver/Src/stm32g4xx_hal_tim.o
 .text.TIM_ETR_SetConfig
                0x000000000800ba88       0x40 ./Drivers/STM32G4xx_HAL_Driver/Src/stm32g4xx_hal_tim.o
                0x000000000800ba88                TIM_ETR_SetConfig
 .text.TIM_CCxChannelCmd
                0x000000000800bac8       0x4a ./Drivers/STM32G4xx_HAL_Driver/Src/stm32g4xx_hal_tim.o
                0x000000000800bac8                TIM_CCxChannelCmd
 *fill*         0x000000000800bb12        0x2 
 .text.HAL_TIMEx_PWMN_Start
                0x000000000800bb14      0x168 ./Drivers/STM32G4xx_HAL_Driver/Src/stm32g4xx_hal_tim_ex.o
                0x000000000800bb14                HAL_TIMEx_PWMN_Start
 .text.HAL_TIMEx_MasterConfigSynchronization
                0x000000000800bc7c      0x104 ./Drivers/STM32G4xx_HAL_Driver/Src/stm32g4xx_hal_tim_ex.o
                0x000000000800bc7c                HAL_TIMEx_MasterConfigSynchronization
 .text.HAL_TIMEx_ConfigBreakDeadTime
                0x000000000800bd80      0x140 ./Drivers/STM32G4xx_HAL_Driver/Src/stm32g4xx_hal_tim_ex.o
                0x000000000800bd80                HAL_TIMEx_ConfigBreakDeadTime
 .text.HAL_TIMEx_CommutCallback
                0x000000000800bec0       0x14 ./Drivers/STM32G4xx_HAL_Driver/Src/stm32g4xx_hal_tim_ex.o
                0x000000000800bec0                HAL_TIMEx_CommutCallback
 .text.HAL_TIMEx_BreakCallback
                0x000000000800bed4       0x14 ./Drivers/STM32G4xx_HAL_Driver/Src/stm32g4xx_hal_tim_ex.o
                0x000000000800bed4                HAL_TIMEx_BreakCallback
 .text.HAL_TIMEx_Break2Callback
                0x000000000800bee8       0x14 ./Drivers/STM32G4xx_HAL_Driver/Src/stm32g4xx_hal_tim_ex.o
                0x000000000800bee8                HAL_TIMEx_Break2Callback
 .text.HAL_TIMEx_EncoderIndexCallback
                0x000000000800befc       0x14 ./Drivers/STM32G4xx_HAL_Driver/Src/stm32g4xx_hal_tim_ex.o
                0x000000000800befc                HAL_TIMEx_EncoderIndexCallback
 .text.HAL_TIMEx_DirectionChangeCallback
                0x000000000800bf10       0x14 ./Drivers/STM32G4xx_HAL_Driver/Src/stm32g4xx_hal_tim_ex.o
                0x000000000800bf10                HAL_TIMEx_DirectionChangeCallback
 .text.HAL_TIMEx_IndexErrorCallback
                0x000000000800bf24       0x14 ./Drivers/STM32G4xx_HAL_Driver/Src/stm32g4xx_hal_tim_ex.o
                0x000000000800bf24                HAL_TIMEx_IndexErrorCallback
 .text.HAL_TIMEx_TransitionErrorCallback
                0x000000000800bf38       0x14 ./Drivers/STM32G4xx_HAL_Driver/Src/stm32g4xx_hal_tim_ex.o
                0x000000000800bf38                HAL_TIMEx_TransitionErrorCallback
 .text.TIM_CCxNChannelCmd
                0x000000000800bf4c       0x4a ./Drivers/STM32G4xx_HAL_Driver/Src/stm32g4xx_hal_tim_ex.o
 .text.HAL_UART_Init
                0x000000000800bf96       0xa0 ./Drivers/STM32G4xx_HAL_Driver/Src/stm32g4xx_hal_uart.o
                0x000000000800bf96                HAL_UART_Init
 .text.HAL_UART_Transmit
                0x000000000800c036      0x12c ./Drivers/STM32G4xx_HAL_Driver/Src/stm32g4xx_hal_uart.o
                0x000000000800c036                HAL_UART_Transmit
 *fill*         0x000000000800c162        0x2 
 .text.UART_SetConfig
                0x000000000800c164      0x598 ./Drivers/STM32G4xx_HAL_Driver/Src/stm32g4xx_hal_uart.o
                0x000000000800c164                UART_SetConfig
 .text.UART_AdvFeatureConfig
                0x000000000800c6fc      0x144 ./Drivers/STM32G4xx_HAL_Driver/Src/stm32g4xx_hal_uart.o
                0x000000000800c6fc                UART_AdvFeatureConfig
 .text.UART_CheckIdleState
                0x000000000800c840       0x96 ./Drivers/STM32G4xx_HAL_Driver/Src/stm32g4xx_hal_uart.o
                0x000000000800c840                UART_CheckIdleState
 .text.UART_WaitOnFlagUntilTimeout
                0x000000000800c8d6      0x190 ./Drivers/STM32G4xx_HAL_Driver/Src/stm32g4xx_hal_uart.o
                0x000000000800c8d6                UART_WaitOnFlagUntilTimeout
 .text.HAL_UARTEx_DisableFifoMode
                0x000000000800ca66       0x72 ./Drivers/STM32G4xx_HAL_Driver/Src/stm32g4xx_hal_uart_ex.o
                0x000000000800ca66                HAL_UARTEx_DisableFifoMode
 .text.HAL_UARTEx_SetTxFifoThreshold
                0x000000000800cad8       0x7c ./Drivers/STM32G4xx_HAL_Driver/Src/stm32g4xx_hal_uart_ex.o
                0x000000000800cad8                HAL_UARTEx_SetTxFifoThreshold
 .text.HAL_UARTEx_SetRxFifoThreshold
                0x000000000800cb54       0x7c ./Drivers/STM32G4xx_HAL_Driver/Src/stm32g4xx_hal_uart_ex.o
                0x000000000800cb54                HAL_UARTEx_SetRxFifoThreshold
 .text.UARTEx_SetNbDataToProcess
                0x000000000800cbd0       0x9c ./Drivers/STM32G4xx_HAL_Driver/Src/stm32g4xx_hal_uart_ex.o
 .text.__errno  0x000000000800cc6c        0xc d:/documents/stm32cubeide/stm32cubeide/plugins/com.st.stm32cube.ide.mcu.externaltools.gnu-tools-for-stm32.10.3-2021.10.win32_1.0.0.202111181127/tools/bin/../lib/gcc/arm-none-eabi/10.3.1/../../../../arm-none-eabi/lib/thumb/v7e-m+fp/hard\libc_nano.a(lib_a-errno.o)
                0x000000000800cc6c                __errno
 .text.__libc_init_array
                0x000000000800cc78       0x48 d:/documents/stm32cubeide/stm32cubeide/plugins/com.st.stm32cube.ide.mcu.externaltools.gnu-tools-for-stm32.10.3-2021.10.win32_1.0.0.202111181127/tools/bin/../lib/gcc/arm-none-eabi/10.3.1/../../../../arm-none-eabi/lib/thumb/v7e-m+fp/hard\libc_nano.a(lib_a-init.o)
                0x000000000800cc78                __libc_init_array
 .text.memset   0x000000000800ccc0       0x10 d:/documents/stm32cubeide/stm32cubeide/plugins/com.st.stm32cube.ide.mcu.externaltools.gnu-tools-for-stm32.10.3-2021.10.win32_1.0.0.202111181127/tools/bin/../lib/gcc/arm-none-eabi/10.3.1/../../../../arm-none-eabi/lib/thumb/v7e-m+fp/hard\libc_nano.a(lib_a-memset.o)
                0x000000000800ccc0                memset
 .text.__cvt    0x000000000800ccd0       0xc4 d:/documents/stm32cubeide/stm32cubeide/plugins/com.st.stm32cube.ide.mcu.externaltools.gnu-tools-for-stm32.10.3-2021.10.win32_1.0.0.202111181127/tools/bin/../lib/gcc/arm-none-eabi/10.3.1/../../../../arm-none-eabi/lib/thumb/v7e-m+fp/hard\libc_nano.a(lib_a-nano-vfprintf_float.o)
                0x000000000800ccd0                __cvt
 .text.__exponent
                0x000000000800cd94       0x7c d:/documents/stm32cubeide/stm32cubeide/plugins/com.st.stm32cube.ide.mcu.externaltools.gnu-tools-for-stm32.10.3-2021.10.win32_1.0.0.202111181127/tools/bin/../lib/gcc/arm-none-eabi/10.3.1/../../../../arm-none-eabi/lib/thumb/v7e-m+fp/hard\libc_nano.a(lib_a-nano-vfprintf_float.o)
                0x000000000800cd94                __exponent
 .text._printf_float
                0x000000000800ce10      0x46c d:/documents/stm32cubeide/stm32cubeide/plugins/com.st.stm32cube.ide.mcu.externaltools.gnu-tools-for-stm32.10.3-2021.10.win32_1.0.0.202111181127/tools/bin/../lib/gcc/arm-none-eabi/10.3.1/../../../../arm-none-eabi/lib/thumb/v7e-m+fp/hard\libc_nano.a(lib_a-nano-vfprintf_float.o)
                0x000000000800ce10                _printf_float
 .text._printf_common
                0x000000000800d27c       0xda d:/documents/stm32cubeide/stm32cubeide/plugins/com.st.stm32cube.ide.mcu.externaltools.gnu-tools-for-stm32.10.3-2021.10.win32_1.0.0.202111181127/tools/bin/../lib/gcc/arm-none-eabi/10.3.1/../../../../arm-none-eabi/lib/thumb/v7e-m+fp/hard\libc_nano.a(lib_a-nano-vfprintf_i.o)
                0x000000000800d27c                _printf_common
 *fill*         0x000000000800d356        0x2 
 .text._printf_i
                0x000000000800d358      0x24c d:/documents/stm32cubeide/stm32cubeide/plugins/com.st.stm32cube.ide.mcu.externaltools.gnu-tools-for-stm32.10.3-2021.10.win32_1.0.0.202111181127/tools/bin/../lib/gcc/arm-none-eabi/10.3.1/../../../../arm-none-eabi/lib/thumb/v7e-m+fp/hard\libc_nano.a(lib_a-nano-vfprintf_i.o)
                0x000000000800d358                _printf_i
 .text.sprintf  0x000000000800d5a4       0x40 d:/documents/stm32cubeide/stm32cubeide/plugins/com.st.stm32cube.ide.mcu.externaltools.gnu-tools-for-stm32.10.3-2021.10.win32_1.0.0.202111181127/tools/bin/../lib/gcc/arm-none-eabi/10.3.1/../../../../arm-none-eabi/lib/thumb/v7e-m+fp/hard\libc_nano.a(lib_a-sprintf.o)
                0x000000000800d5a4                siprintf
                0x000000000800d5a4                sprintf
 .text.quorem   0x000000000800d5e4      0x116 d:/documents/stm32cubeide/stm32cubeide/plugins/com.st.stm32cube.ide.mcu.externaltools.gnu-tools-for-stm32.10.3-2021.10.win32_1.0.0.202111181127/tools/bin/../lib/gcc/arm-none-eabi/10.3.1/../../../../arm-none-eabi/lib/thumb/v7e-m+fp/hard\libc_nano.a(lib_a-dtoa.o)
 *fill*         0x000000000800d6fa        0x6 
 .text._dtoa_r  0x000000000800d700      0xbdc d:/documents/stm32cubeide/stm32cubeide/plugins/com.st.stm32cube.ide.mcu.externaltools.gnu-tools-for-stm32.10.3-2021.10.win32_1.0.0.202111181127/tools/bin/../lib/gcc/arm-none-eabi/10.3.1/../../../../arm-none-eabi/lib/thumb/v7e-m+fp/hard\libc_nano.a(lib_a-dtoa.o)
                0x000000000800d700                _dtoa_r
 .text._localeconv_r
                0x000000000800e2dc        0x8 d:/documents/stm32cubeide/stm32cubeide/plugins/com.st.stm32cube.ide.mcu.externaltools.gnu-tools-for-stm32.10.3-2021.10.win32_1.0.0.202111181127/tools/bin/../lib/gcc/arm-none-eabi/10.3.1/../../../../arm-none-eabi/lib/thumb/v7e-m+fp/hard\libc_nano.a(lib_a-localeconv.o)
                0x000000000800e2dc                _localeconv_r
 .text.malloc   0x000000000800e2e4       0x10 d:/documents/stm32cubeide/stm32cubeide/plugins/com.st.stm32cube.ide.mcu.externaltools.gnu-tools-for-stm32.10.3-2021.10.win32_1.0.0.202111181127/tools/bin/../lib/gcc/arm-none-eabi/10.3.1/../../../../arm-none-eabi/lib/thumb/v7e-m+fp/hard\libc_nano.a(lib_a-malloc.o)
                0x000000000800e2e4                malloc
 .text.memcpy   0x000000000800e2f4       0x1c d:/documents/stm32cubeide/stm32cubeide/plugins/com.st.stm32cube.ide.mcu.externaltools.gnu-tools-for-stm32.10.3-2021.10.win32_1.0.0.202111181127/tools/bin/../lib/gcc/arm-none-eabi/10.3.1/../../../../arm-none-eabi/lib/thumb/v7e-m+fp/hard\libc_nano.a(lib_a-memcpy-stub.o)
                0x000000000800e2f4                memcpy
 .text._Balloc  0x000000000800e310       0x80 d:/documents/stm32cubeide/stm32cubeide/plugins/com.st.stm32cube.ide.mcu.externaltools.gnu-tools-for-stm32.10.3-2021.10.win32_1.0.0.202111181127/tools/bin/../lib/gcc/arm-none-eabi/10.3.1/../../../../arm-none-eabi/lib/thumb/v7e-m+fp/hard\libc_nano.a(lib_a-mprec.o)
                0x000000000800e310                _Balloc
 .text._Bfree   0x000000000800e390       0x44 d:/documents/stm32cubeide/stm32cubeide/plugins/com.st.stm32cube.ide.mcu.externaltools.gnu-tools-for-stm32.10.3-2021.10.win32_1.0.0.202111181127/tools/bin/../lib/gcc/arm-none-eabi/10.3.1/../../../../arm-none-eabi/lib/thumb/v7e-m+fp/hard\libc_nano.a(lib_a-mprec.o)
                0x000000000800e390                _Bfree
 .text.__multadd
                0x000000000800e3d4       0x8c d:/documents/stm32cubeide/stm32cubeide/plugins/com.st.stm32cube.ide.mcu.externaltools.gnu-tools-for-stm32.10.3-2021.10.win32_1.0.0.202111181127/tools/bin/../lib/gcc/arm-none-eabi/10.3.1/../../../../arm-none-eabi/lib/thumb/v7e-m+fp/hard\libc_nano.a(lib_a-mprec.o)
                0x000000000800e3d4                __multadd
 .text.__hi0bits
                0x000000000800e460       0x40 d:/documents/stm32cubeide/stm32cubeide/plugins/com.st.stm32cube.ide.mcu.externaltools.gnu-tools-for-stm32.10.3-2021.10.win32_1.0.0.202111181127/tools/bin/../lib/gcc/arm-none-eabi/10.3.1/../../../../arm-none-eabi/lib/thumb/v7e-m+fp/hard\libc_nano.a(lib_a-mprec.o)
                0x000000000800e460                __hi0bits
 .text.__lo0bits
                0x000000000800e4a0       0x5e d:/documents/stm32cubeide/stm32cubeide/plugins/com.st.stm32cube.ide.mcu.externaltools.gnu-tools-for-stm32.10.3-2021.10.win32_1.0.0.202111181127/tools/bin/../lib/gcc/arm-none-eabi/10.3.1/../../../../arm-none-eabi/lib/thumb/v7e-m+fp/hard\libc_nano.a(lib_a-mprec.o)
                0x000000000800e4a0                __lo0bits
 *fill*         0x000000000800e4fe        0x2 
 .text.__i2b    0x000000000800e500       0x2c d:/documents/stm32cubeide/stm32cubeide/plugins/com.st.stm32cube.ide.mcu.externaltools.gnu-tools-for-stm32.10.3-2021.10.win32_1.0.0.202111181127/tools/bin/../lib/gcc/arm-none-eabi/10.3.1/../../../../arm-none-eabi/lib/thumb/v7e-m+fp/hard\libc_nano.a(lib_a-mprec.o)
                0x000000000800e500                __i2b
 .text.__multiply
                0x000000000800e52c      0x154 d:/documents/stm32cubeide/stm32cubeide/plugins/com.st.stm32cube.ide.mcu.externaltools.gnu-tools-for-stm32.10.3-2021.10.win32_1.0.0.202111181127/tools/bin/../lib/gcc/arm-none-eabi/10.3.1/../../../../arm-none-eabi/lib/thumb/v7e-m+fp/hard\libc_nano.a(lib_a-mprec.o)
                0x000000000800e52c                __multiply
 .text.__pow5mult
                0x000000000800e680       0xb4 d:/documents/stm32cubeide/stm32cubeide/plugins/com.st.stm32cube.ide.mcu.externaltools.gnu-tools-for-stm32.10.3-2021.10.win32_1.0.0.202111181127/tools/bin/../lib/gcc/arm-none-eabi/10.3.1/../../../../arm-none-eabi/lib/thumb/v7e-m+fp/hard\libc_nano.a(lib_a-mprec.o)
                0x000000000800e680                __pow5mult
 .text.__lshift
                0x000000000800e734       0xe0 d:/documents/stm32cubeide/stm32cubeide/plugins/com.st.stm32cube.ide.mcu.externaltools.gnu-tools-for-stm32.10.3-2021.10.win32_1.0.0.202111181127/tools/bin/../lib/gcc/arm-none-eabi/10.3.1/../../../../arm-none-eabi/lib/thumb/v7e-m+fp/hard\libc_nano.a(lib_a-mprec.o)
                0x000000000800e734                __lshift
 .text.__mcmp   0x000000000800e814       0x38 d:/documents/stm32cubeide/stm32cubeide/plugins/com.st.stm32cube.ide.mcu.externaltools.gnu-tools-for-stm32.10.3-2021.10.win32_1.0.0.202111181127/tools/bin/../lib/gcc/arm-none-eabi/10.3.1/../../../../arm-none-eabi/lib/thumb/v7e-m+fp/hard\libc_nano.a(lib_a-mprec.o)
                0x000000000800e814                __mcmp
 .text.__mdiff  0x000000000800e84c      0x114 d:/documents/stm32cubeide/stm32cubeide/plugins/com.st.stm32cube.ide.mcu.externaltools.gnu-tools-for-stm32.10.3-2021.10.win32_1.0.0.202111181127/tools/bin/../lib/gcc/arm-none-eabi/10.3.1/../../../../arm-none-eabi/lib/thumb/v7e-m+fp/hard\libc_nano.a(lib_a-mprec.o)
                0x000000000800e84c                __mdiff
 .text.__d2b    0x000000000800e960       0xb8 d:/documents/stm32cubeide/stm32cubeide/plugins/com.st.stm32cube.ide.mcu.externaltools.gnu-tools-for-stm32.10.3-2021.10.win32_1.0.0.202111181127/tools/bin/../lib/gcc/arm-none-eabi/10.3.1/../../../../arm-none-eabi/lib/thumb/v7e-m+fp/hard\libc_nano.a(lib_a-mprec.o)
                0x000000000800e960                __d2b
 .text._calloc_r
                0x000000000800ea18       0x2c d:/documents/stm32cubeide/stm32cubeide/plugins/com.st.stm32cube.ide.mcu.externaltools.gnu-tools-for-stm32.10.3-2021.10.win32_1.0.0.202111181127/tools/bin/../lib/gcc/arm-none-eabi/10.3.1/../../../../arm-none-eabi/lib/thumb/v7e-m+fp/hard\libc_nano.a(lib_a-nano-callocr.o)
                0x000000000800ea18                _calloc_r
 .text._free_r  0x000000000800ea44       0x98 d:/documents/stm32cubeide/stm32cubeide/plugins/com.st.stm32cube.ide.mcu.externaltools.gnu-tools-for-stm32.10.3-2021.10.win32_1.0.0.202111181127/tools/bin/../lib/gcc/arm-none-eabi/10.3.1/../../../../arm-none-eabi/lib/thumb/v7e-m+fp/hard\libc_nano.a(lib_a-nano-freer.o)
                0x000000000800ea44                _free_r
 .text.sbrk_aligned
                0x000000000800eadc       0x40 d:/documents/stm32cubeide/stm32cubeide/plugins/com.st.stm32cube.ide.mcu.externaltools.gnu-tools-for-stm32.10.3-2021.10.win32_1.0.0.202111181127/tools/bin/../lib/gcc/arm-none-eabi/10.3.1/../../../../arm-none-eabi/lib/thumb/v7e-m+fp/hard\libc_nano.a(lib_a-nano-mallocr.o)
 .text._malloc_r
                0x000000000800eb1c       0xe8 d:/documents/stm32cubeide/stm32cubeide/plugins/com.st.stm32cube.ide.mcu.externaltools.gnu-tools-for-stm32.10.3-2021.10.win32_1.0.0.202111181127/tools/bin/../lib/gcc/arm-none-eabi/10.3.1/../../../../arm-none-eabi/lib/thumb/v7e-m+fp/hard\libc_nano.a(lib_a-nano-mallocr.o)
                0x000000000800eb1c                _malloc_r
 .text.__ssputs_r
                0x000000000800ec04       0xb6 d:/documents/stm32cubeide/stm32cubeide/plugins/com.st.stm32cube.ide.mcu.externaltools.gnu-tools-for-stm32.10.3-2021.10.win32_1.0.0.202111181127/tools/bin/../lib/gcc/arm-none-eabi/10.3.1/../../../../arm-none-eabi/lib/thumb/v7e-m+fp/hard\libc_nano.a(lib_a-nano-svfprintf.o)
                0x000000000800ec04                __ssputs_r
 *fill*         0x000000000800ecba        0x2 
 .text._svfprintf_r
                0x000000000800ecbc      0x200 d:/documents/stm32cubeide/stm32cubeide/plugins/com.st.stm32cube.ide.mcu.externaltools.gnu-tools-for-stm32.10.3-2021.10.win32_1.0.0.202111181127/tools/bin/../lib/gcc/arm-none-eabi/10.3.1/../../../../arm-none-eabi/lib/thumb/v7e-m+fp/hard\libc_nano.a(lib_a-nano-svfprintf.o)
                0x000000000800ecbc                _svfiprintf_r
                0x000000000800ecbc                _svfprintf_r
 .text._sbrk_r  0x000000000800eebc       0x20 d:/documents/stm32cubeide/stm32cubeide/plugins/com.st.stm32cube.ide.mcu.externaltools.gnu-tools-for-stm32.10.3-2021.10.win32_1.0.0.202111181127/tools/bin/../lib/gcc/arm-none-eabi/10.3.1/../../../../arm-none-eabi/lib/thumb/v7e-m+fp/hard\libc_nano.a(lib_a-sbrkr.o)
                0x000000000800eebc                _sbrk_r
 .text.__assert_func
                0x000000000800eedc       0x3c d:/documents/stm32cubeide/stm32cubeide/plugins/com.st.stm32cube.ide.mcu.externaltools.gnu-tools-for-stm32.10.3-2021.10.win32_1.0.0.202111181127/tools/bin/../lib/gcc/arm-none-eabi/10.3.1/../../../../arm-none-eabi/lib/thumb/v7e-m+fp/hard\libc_nano.a(lib_a-assert.o)
                0x000000000800eedc                __assert_func
 .text.fprintf  0x000000000800ef18       0x24 d:/documents/stm32cubeide/stm32cubeide/plugins/com.st.stm32cube.ide.mcu.externaltools.gnu-tools-for-stm32.10.3-2021.10.win32_1.0.0.202111181127/tools/bin/../lib/gcc/arm-none-eabi/10.3.1/../../../../arm-none-eabi/lib/thumb/v7e-m+fp/hard\libc_nano.a(lib_a-fprintf.o)
                0x000000000800ef18                fiprintf
                0x000000000800ef18                fprintf
 .text.__ascii_mbtowc
                0x000000000800ef3c       0x24 d:/documents/stm32cubeide/stm32cubeide/plugins/com.st.stm32cube.ide.mcu.externaltools.gnu-tools-for-stm32.10.3-2021.10.win32_1.0.0.202111181127/tools/bin/../lib/gcc/arm-none-eabi/10.3.1/../../../../arm-none-eabi/lib/thumb/v7e-m+fp/hard\libc_nano.a(lib_a-mbtowc_r.o)
                0x000000000800ef3c                __ascii_mbtowc
 .text.memmove  0x000000000800ef60       0x34 d:/documents/stm32cubeide/stm32cubeide/plugins/com.st.stm32cube.ide.mcu.externaltools.gnu-tools-for-stm32.10.3-2021.10.win32_1.0.0.202111181127/tools/bin/../lib/gcc/arm-none-eabi/10.3.1/../../../../arm-none-eabi/lib/thumb/v7e-m+fp/hard\libc_nano.a(lib_a-memmove.o)
                0x000000000800ef60                memmove
 .text.__malloc_lock
                0x000000000800ef94        0xc d:/documents/stm32cubeide/stm32cubeide/plugins/com.st.stm32cube.ide.mcu.externaltools.gnu-tools-for-stm32.10.3-2021.10.win32_1.0.0.202111181127/tools/bin/../lib/gcc/arm-none-eabi/10.3.1/../../../../arm-none-eabi/lib/thumb/v7e-m+fp/hard\libc_nano.a(lib_a-mlock.o)
                0x000000000800ef94                __malloc_lock
 .text.__malloc_unlock
                0x000000000800efa0        0xc d:/documents/stm32cubeide/stm32cubeide/plugins/com.st.stm32cube.ide.mcu.externaltools.gnu-tools-for-stm32.10.3-2021.10.win32_1.0.0.202111181127/tools/bin/../lib/gcc/arm-none-eabi/10.3.1/../../../../arm-none-eabi/lib/thumb/v7e-m+fp/hard\libc_nano.a(lib_a-mlock.o)
                0x000000000800efa0                __malloc_unlock
 .text._realloc_r
                0x000000000800efac       0x5e d:/documents/stm32cubeide/stm32cubeide/plugins/com.st.stm32cube.ide.mcu.externaltools.gnu-tools-for-stm32.10.3-2021.10.win32_1.0.0.202111181127/tools/bin/../lib/gcc/arm-none-eabi/10.3.1/../../../../arm-none-eabi/lib/thumb/v7e-m+fp/hard\libc_nano.a(lib_a-nano-reallocr.o)
                0x000000000800efac                _realloc_r
 .text.__sfputc_r
                0x000000000800f00a       0x2e d:/documents/stm32cubeide/stm32cubeide/plugins/com.st.stm32cube.ide.mcu.externaltools.gnu-tools-for-stm32.10.3-2021.10.win32_1.0.0.202111181127/tools/bin/../lib/gcc/arm-none-eabi/10.3.1/../../../../arm-none-eabi/lib/thumb/v7e-m+fp/hard\libc_nano.a(lib_a-nano-vfprintf.o)
 .text.__sfputs_r
                0x000000000800f038       0x24 d:/documents/stm32cubeide/stm32cubeide/plugins/com.st.stm32cube.ide.mcu.externaltools.gnu-tools-for-stm32.10.3-2021.10.win32_1.0.0.202111181127/tools/bin/../lib/gcc/arm-none-eabi/10.3.1/../../../../arm-none-eabi/lib/thumb/v7e-m+fp/hard\libc_nano.a(lib_a-nano-vfprintf.o)
                0x000000000800f038                __sfputs_r
 .text._vfprintf_r
                0x000000000800f05c      0x260 d:/documents/stm32cubeide/stm32cubeide/plugins/com.st.stm32cube.ide.mcu.externaltools.gnu-tools-for-stm32.10.3-2021.10.win32_1.0.0.202111181127/tools/bin/../lib/gcc/arm-none-eabi/10.3.1/../../../../arm-none-eabi/lib/thumb/v7e-m+fp/hard\libc_nano.a(lib_a-nano-vfprintf.o)
                0x000000000800f05c                _vfprintf_r
                0x000000000800f05c                _vfiprintf_r
 .text.__swbuf_r
                0x000000000800f2bc       0xa4 d:/documents/stm32cubeide/stm32cubeide/plugins/com.st.stm32cube.ide.mcu.externaltools.gnu-tools-for-stm32.10.3-2021.10.win32_1.0.0.202111181127/tools/bin/../lib/gcc/arm-none-eabi/10.3.1/../../../../arm-none-eabi/lib/thumb/v7e-m+fp/hard\libc_nano.a(lib_a-wbuf.o)
                0x000000000800f2bc                __swbuf_r
 .text.__ascii_wctomb
                0x000000000800f360       0x1a d:/documents/stm32cubeide/stm32cubeide/plugins/com.st.stm32cube.ide.mcu.externaltools.gnu-tools-for-stm32.10.3-2021.10.win32_1.0.0.202111181127/tools/bin/../lib/gcc/arm-none-eabi/10.3.1/../../../../arm-none-eabi/lib/thumb/v7e-m+fp/hard\libc_nano.a(lib_a-wctomb_r.o)
                0x000000000800f360                __ascii_wctomb
 *fill*         0x000000000800f37a        0x2 
 .text.__swsetup_r
                0x000000000800f37c       0xdc d:/documents/stm32cubeide/stm32cubeide/plugins/com.st.stm32cube.ide.mcu.externaltools.gnu-tools-for-stm32.10.3-2021.10.win32_1.0.0.202111181127/tools/bin/../lib/gcc/arm-none-eabi/10.3.1/../../../../arm-none-eabi/lib/thumb/v7e-m+fp/hard\libc_nano.a(lib_a-wsetup.o)
                0x000000000800f37c                __swsetup_r
 .text.abort    0x000000000800f458        0xe d:/documents/stm32cubeide/stm32cubeide/plugins/com.st.stm32cube.ide.mcu.externaltools.gnu-tools-for-stm32.10.3-2021.10.win32_1.0.0.202111181127/tools/bin/../lib/gcc/arm-none-eabi/10.3.1/../../../../arm-none-eabi/lib/thumb/v7e-m+fp/hard\libc_nano.a(lib_a-abort.o)
                0x000000000800f458                abort
 *fill*         0x000000000800f466        0x2 
 .text.__sflush_r
                0x000000000800f468      0x10c d:/documents/stm32cubeide/stm32cubeide/plugins/com.st.stm32cube.ide.mcu.externaltools.gnu-tools-for-stm32.10.3-2021.10.win32_1.0.0.202111181127/tools/bin/../lib/gcc/arm-none-eabi/10.3.1/../../../../arm-none-eabi/lib/thumb/v7e-m+fp/hard\libc_nano.a(lib_a-fflush.o)
                0x000000000800f468                __sflush_r
 .text._fflush_r
                0x000000000800f574       0x78 d:/documents/stm32cubeide/stm32cubeide/plugins/com.st.stm32cube.ide.mcu.externaltools.gnu-tools-for-stm32.10.3-2021.10.win32_1.0.0.202111181127/tools/bin/../lib/gcc/arm-none-eabi/10.3.1/../../../../arm-none-eabi/lib/thumb/v7e-m+fp/hard\libc_nano.a(lib_a-fflush.o)
                0x000000000800f574                _fflush_r
 .text.std      0x000000000800f5ec       0x48 d:/documents/stm32cubeide/stm32cubeide/plugins/com.st.stm32cube.ide.mcu.externaltools.gnu-tools-for-stm32.10.3-2021.10.win32_1.0.0.202111181127/tools/bin/../lib/gcc/arm-none-eabi/10.3.1/../../../../arm-none-eabi/lib/thumb/v7e-m+fp/hard\libc_nano.a(lib_a-findfp.o)
 .text._cleanup_r
                0x000000000800f634        0xc d:/documents/stm32cubeide/stm32cubeide/plugins/com.st.stm32cube.ide.mcu.externaltools.gnu-tools-for-stm32.10.3-2021.10.win32_1.0.0.202111181127/tools/bin/../lib/gcc/arm-none-eabi/10.3.1/../../../../arm-none-eabi/lib/thumb/v7e-m+fp/hard\libc_nano.a(lib_a-findfp.o)
                0x000000000800f634                _cleanup_r
 .text.__sfmoreglue
                0x000000000800f640       0x2c d:/documents/stm32cubeide/stm32cubeide/plugins/com.st.stm32cube.ide.mcu.externaltools.gnu-tools-for-stm32.10.3-2021.10.win32_1.0.0.202111181127/tools/bin/../lib/gcc/arm-none-eabi/10.3.1/../../../../arm-none-eabi/lib/thumb/v7e-m+fp/hard\libc_nano.a(lib_a-findfp.o)
                0x000000000800f640                __sfmoreglue
 .text.__sfp_lock_acquire
                0x000000000800f66c        0xc d:/documents/stm32cubeide/stm32cubeide/plugins/com.st.stm32cube.ide.mcu.externaltools.gnu-tools-for-stm32.10.3-2021.10.win32_1.0.0.202111181127/tools/bin/../lib/gcc/arm-none-eabi/10.3.1/../../../../arm-none-eabi/lib/thumb/v7e-m+fp/hard\libc_nano.a(lib_a-findfp.o)
                0x000000000800f66c                __sfp_lock_acquire
 .text.__sfp_lock_release
                0x000000000800f678        0xc d:/documents/stm32cubeide/stm32cubeide/plugins/com.st.stm32cube.ide.mcu.externaltools.gnu-tools-for-stm32.10.3-2021.10.win32_1.0.0.202111181127/tools/bin/../lib/gcc/arm-none-eabi/10.3.1/../../../../arm-none-eabi/lib/thumb/v7e-m+fp/hard\libc_nano.a(lib_a-findfp.o)
                0x000000000800f678                __sfp_lock_release
 .text.__sinit_lock_acquire
                0x000000000800f684        0xc d:/documents/stm32cubeide/stm32cubeide/plugins/com.st.stm32cube.ide.mcu.externaltools.gnu-tools-for-stm32.10.3-2021.10.win32_1.0.0.202111181127/tools/bin/../lib/gcc/arm-none-eabi/10.3.1/../../../../arm-none-eabi/lib/thumb/v7e-m+fp/hard\libc_nano.a(lib_a-findfp.o)
                0x000000000800f684                __sinit_lock_acquire
 .text.__sinit_lock_release
                0x000000000800f690        0xc d:/documents/stm32cubeide/stm32cubeide/plugins/com.st.stm32cube.ide.mcu.externaltools.gnu-tools-for-stm32.10.3-2021.10.win32_1.0.0.202111181127/tools/bin/../lib/gcc/arm-none-eabi/10.3.1/../../../../arm-none-eabi/lib/thumb/v7e-m+fp/hard\libc_nano.a(lib_a-findfp.o)
                0x000000000800f690                __sinit_lock_release
 .text.__sinit  0x000000000800f69c       0x70 d:/documents/stm32cubeide/stm32cubeide/plugins/com.st.stm32cube.ide.mcu.externaltools.gnu-tools-for-stm32.10.3-2021.10.win32_1.0.0.202111181127/tools/bin/../lib/gcc/arm-none-eabi/10.3.1/../../../../arm-none-eabi/lib/thumb/v7e-m+fp/hard\libc_nano.a(lib_a-findfp.o)
                0x000000000800f69c                __sinit
 .text.__sfp    0x000000000800f70c       0x8c d:/documents/stm32cubeide/stm32cubeide/plugins/com.st.stm32cube.ide.mcu.externaltools.gnu-tools-for-stm32.10.3-2021.10.win32_1.0.0.202111181127/tools/bin/../lib/gcc/arm-none-eabi/10.3.1/../../../../arm-none-eabi/lib/thumb/v7e-m+fp/hard\libc_nano.a(lib_a-findfp.o)
                0x000000000800f70c                __sfp
 .text._fwalk_reent
                0x000000000800f798       0x3e d:/documents/stm32cubeide/stm32cubeide/plugins/com.st.stm32cube.ide.mcu.externaltools.gnu-tools-for-stm32.10.3-2021.10.win32_1.0.0.202111181127/tools/bin/../lib/gcc/arm-none-eabi/10.3.1/../../../../arm-none-eabi/lib/thumb/v7e-m+fp/hard\libc_nano.a(lib_a-fwalk.o)
                0x000000000800f798                _fwalk_reent
 .text.__retarget_lock_init_recursive
                0x000000000800f7d6        0x2 d:/documents/stm32cubeide/stm32cubeide/plugins/com.st.stm32cube.ide.mcu.externaltools.gnu-tools-for-stm32.10.3-2021.10.win32_1.0.0.202111181127/tools/bin/../lib/gcc/arm-none-eabi/10.3.1/../../../../arm-none-eabi/lib/thumb/v7e-m+fp/hard\libc_nano.a(lib_a-lock.o)
                0x000000000800f7d6                __retarget_lock_init_recursive
 .text.__retarget_lock_acquire_recursive
                0x000000000800f7d8        0x2 d:/documents/stm32cubeide/stm32cubeide/plugins/com.st.stm32cube.ide.mcu.externaltools.gnu-tools-for-stm32.10.3-2021.10.win32_1.0.0.202111181127/tools/bin/../lib/gcc/arm-none-eabi/10.3.1/../../../../arm-none-eabi/lib/thumb/v7e-m+fp/hard\libc_nano.a(lib_a-lock.o)
                0x000000000800f7d8                __retarget_lock_acquire_recursive
 .text.__retarget_lock_release_recursive
                0x000000000800f7da        0x2 d:/documents/stm32cubeide/stm32cubeide/plugins/com.st.stm32cube.ide.mcu.externaltools.gnu-tools-for-stm32.10.3-2021.10.win32_1.0.0.202111181127/tools/bin/../lib/gcc/arm-none-eabi/10.3.1/../../../../arm-none-eabi/lib/thumb/v7e-m+fp/hard\libc_nano.a(lib_a-lock.o)
                0x000000000800f7da                __retarget_lock_release_recursive
 .text.__swhatbuf_r
                0x000000000800f7dc       0x4a d:/documents/stm32cubeide/stm32cubeide/plugins/com.st.stm32cube.ide.mcu.externaltools.gnu-tools-for-stm32.10.3-2021.10.win32_1.0.0.202111181127/tools/bin/../lib/gcc/arm-none-eabi/10.3.1/../../../../arm-none-eabi/lib/thumb/v7e-m+fp/hard\libc_nano.a(lib_a-makebuf.o)
                0x000000000800f7dc                __swhatbuf_r
 *fill*         0x000000000800f826        0x2 
 .text.__smakebuf_r
                0x000000000800f828       0x80 d:/documents/stm32cubeide/stm32cubeide/plugins/com.st.stm32cube.ide.mcu.externaltools.gnu-tools-for-stm32.10.3-2021.10.win32_1.0.0.202111181127/tools/bin/../lib/gcc/arm-none-eabi/10.3.1/../../../../arm-none-eabi/lib/thumb/v7e-m+fp/hard\libc_nano.a(lib_a-makebuf.o)
                0x000000000800f828                __smakebuf_r
 .text._malloc_usable_size_r
                0x000000000800f8a8       0x10 d:/documents/stm32cubeide/stm32cubeide/plugins/com.st.stm32cube.ide.mcu.externaltools.gnu-tools-for-stm32.10.3-2021.10.win32_1.0.0.202111181127/tools/bin/../lib/gcc/arm-none-eabi/10.3.1/../../../../arm-none-eabi/lib/thumb/v7e-m+fp/hard\libc_nano.a(lib_a-nano-msizer.o)
                0x000000000800f8a8                _malloc_usable_size_r
 .text._raise_r
                0x000000000800f8b8       0x50 d:/documents/stm32cubeide/stm32cubeide/plugins/com.st.stm32cube.ide.mcu.externaltools.gnu-tools-for-stm32.10.3-2021.10.win32_1.0.0.202111181127/tools/bin/../lib/gcc/arm-none-eabi/10.3.1/../../../../arm-none-eabi/lib/thumb/v7e-m+fp/hard\libc_nano.a(lib_a-signal.o)
                0x000000000800f8b8                _raise_r
 .text.raise    0x000000000800f908       0x10 d:/documents/stm32cubeide/stm32cubeide/plugins/com.st.stm32cube.ide.mcu.externaltools.gnu-tools-for-stm32.10.3-2021.10.win32_1.0.0.202111181127/tools/bin/../lib/gcc/arm-none-eabi/10.3.1/../../../../arm-none-eabi/lib/thumb/v7e-m+fp/hard\libc_nano.a(lib_a-signal.o)
                0x000000000800f908                raise
 .text._kill_r  0x000000000800f918       0x24 d:/documents/stm32cubeide/stm32cubeide/plugins/com.st.stm32cube.ide.mcu.externaltools.gnu-tools-for-stm32.10.3-2021.10.win32_1.0.0.202111181127/tools/bin/../lib/gcc/arm-none-eabi/10.3.1/../../../../arm-none-eabi/lib/thumb/v7e-m+fp/hard\libc_nano.a(lib_a-signalr.o)
                0x000000000800f918                _kill_r
 .text._getpid_r
                0x000000000800f93c        0x4 d:/documents/stm32cubeide/stm32cubeide/plugins/com.st.stm32cube.ide.mcu.externaltools.gnu-tools-for-stm32.10.3-2021.10.win32_1.0.0.202111181127/tools/bin/../lib/gcc/arm-none-eabi/10.3.1/../../../../arm-none-eabi/lib/thumb/v7e-m+fp/hard\libc_nano.a(lib_a-signalr.o)
                0x000000000800f93c                _getpid_r
 .text.__sread  0x000000000800f940       0x22 d:/documents/stm32cubeide/stm32cubeide/plugins/com.st.stm32cube.ide.mcu.externaltools.gnu-tools-for-stm32.10.3-2021.10.win32_1.0.0.202111181127/tools/bin/../lib/gcc/arm-none-eabi/10.3.1/../../../../arm-none-eabi/lib/thumb/v7e-m+fp/hard\libc_nano.a(lib_a-stdio.o)
                0x000000000800f940                __sread
 .text.__swrite
                0x000000000800f962       0x38 d:/documents/stm32cubeide/stm32cubeide/plugins/com.st.stm32cube.ide.mcu.externaltools.gnu-tools-for-stm32.10.3-2021.10.win32_1.0.0.202111181127/tools/bin/../lib/gcc/arm-none-eabi/10.3.1/../../../../arm-none-eabi/lib/thumb/v7e-m+fp/hard\libc_nano.a(lib_a-stdio.o)
                0x000000000800f962                __swrite
 .text.__sseek  0x000000000800f99a       0x24 d:/documents/stm32cubeide/stm32cubeide/plugins/com.st.stm32cube.ide.mcu.externaltools.gnu-tools-for-stm32.10.3-2021.10.win32_1.0.0.202111181127/tools/bin/../lib/gcc/arm-none-eabi/10.3.1/../../../../arm-none-eabi/lib/thumb/v7e-m+fp/hard\libc_nano.a(lib_a-stdio.o)
                0x000000000800f99a                __sseek
 .text.__sclose
                0x000000000800f9be        0x8 d:/documents/stm32cubeide/stm32cubeide/plugins/com.st.stm32cube.ide.mcu.externaltools.gnu-tools-for-stm32.10.3-2021.10.win32_1.0.0.202111181127/tools/bin/../lib/gcc/arm-none-eabi/10.3.1/../../../../arm-none-eabi/lib/thumb/v7e-m+fp/hard\libc_nano.a(lib_a-stdio.o)
                0x000000000800f9be                __sclose
 *fill*         0x000000000800f9c6        0x2 
 .text._write_r
                0x000000000800f9c8       0x24 d:/documents/stm32cubeide/stm32cubeide/plugins/com.st.stm32cube.ide.mcu.externaltools.gnu-tools-for-stm32.10.3-2021.10.win32_1.0.0.202111181127/tools/bin/../lib/gcc/arm-none-eabi/10.3.1/../../../../arm-none-eabi/lib/thumb/v7e-m+fp/hard\libc_nano.a(lib_a-writer.o)
                0x000000000800f9c8                _write_r
 .text._close_r
                0x000000000800f9ec       0x20 d:/documents/stm32cubeide/stm32cubeide/plugins/com.st.stm32cube.ide.mcu.externaltools.gnu-tools-for-stm32.10.3-2021.10.win32_1.0.0.202111181127/tools/bin/../lib/gcc/arm-none-eabi/10.3.1/../../../../arm-none-eabi/lib/thumb/v7e-m+fp/hard\libc_nano.a(lib_a-closer.o)
                0x000000000800f9ec                _close_r
 .text._fstat_r
                0x000000000800fa0c       0x24 d:/documents/stm32cubeide/stm32cubeide/plugins/com.st.stm32cube.ide.mcu.externaltools.gnu-tools-for-stm32.10.3-2021.10.win32_1.0.0.202111181127/tools/bin/../lib/gcc/arm-none-eabi/10.3.1/../../../../arm-none-eabi/lib/thumb/v7e-m+fp/hard\libc_nano.a(lib_a-fstatr.o)
                0x000000000800fa0c                _fstat_r
 .text._isatty_r