../Drivers/STM32G4xx_HAL_Driver/Src/stm32g4xx_hal_cordic.c:201:19:HAL_CORDIC_Init	16	static
../Drivers/STM32G4xx_HAL_Driver/Src/stm32g4xx_hal_cordic.c:268:19:HAL_CORDIC_DeInit	16	static
../Drivers/STM32G4xx_HAL_Driver/Src/stm32g4xx_hal_cordic.c:325:13:HAL_CORDIC_MspInit	16	static
../Drivers/STM32G4xx_HAL_Driver/Src/stm32g4xx_hal_cordic.c:340:13:HAL_CORDIC_MspDeInit	16	static
../Drivers/STM32G4xx_HAL_Driver/Src/stm32g4xx_hal_cordic.c:558:19:HAL_CORDIC_Configure	24	static
../Drivers/STM32G4xx_HAL_Driver/Src/stm32g4xx_hal_cordic.c:605:19:HAL_CORDIC_Calculate	40	static
../Drivers/STM32G4xx_HAL_Driver/Src/stm32g4xx_hal_cordic.c:699:19:HAL_CORDIC_CalculateZO	40	static
../Drivers/STM32G4xx_HAL_Driver/Src/stm32g4xx_hal_cordic.c:792:19:HAL_CORDIC_Calculate_IT	32	static
../Drivers/STM32G4xx_HAL_Driver/Src/stm32g4xx_hal_cordic.c:884:19:HAL_CORDIC_Calculate_DMA	40	static
../Drivers/STM32G4xx_HAL_Driver/Src/stm32g4xx_hal_cordic.c:1052:13:HAL_CORDIC_ErrorCallback	16	static
../Drivers/STM32G4xx_HAL_Driver/Src/stm32g4xx_hal_cordic.c:1068:13:HAL_CORDIC_CalculateCpltCallback	16	static
../Drivers/STM32G4xx_HAL_Driver/Src/stm32g4xx_hal_cordic.c:1101:6:HAL_CORDIC_IRQHandler	16	static
../Drivers/STM32G4xx_HAL_Driver/Src/stm32g4xx_hal_cordic.c:1172:25:HAL_CORDIC_GetState	16	static
../Drivers/STM32G4xx_HAL_Driver/Src/stm32g4xx_hal_cordic.c:1185:10:HAL_CORDIC_GetError	16	static
../Drivers/STM32G4xx_HAL_Driver/Src/stm32g4xx_hal_cordic.c:1210:13:CORDIC_WriteInDataIncrementPtr	16	static
../Drivers/STM32G4xx_HAL_Driver/Src/stm32g4xx_hal_cordic.c:1236:13:CORDIC_ReadOutDataIncrementPtr	16	static
../Drivers/STM32G4xx_HAL_Driver/Src/stm32g4xx_hal_cordic.c:1260:13:CORDIC_DMAInCplt	24	static
../Drivers/STM32G4xx_HAL_Driver/Src/stm32g4xx_hal_cordic.c:1292:13:CORDIC_DMAOutCplt	24	static
../Drivers/STM32G4xx_HAL_Driver/Src/stm32g4xx_hal_cordic.c:1320:13:CORDIC_DMAError	24	static
